{
  "artifacts": {
    "allegory_scorecard.json": "f6815c7b0689af2f051705711cb7219732a5b5474a222c9afbbf90ca917ea92f",
    "analysis.jsonl": "3fa915bb451017ff7eb3f54ec4fb57805c3d1fdb78964d845d98344debb8ad73",
    "candidate-transitions.jsonl": "77a0157d2aa58cd6c72390c7160aeda7b709fd73d5b3fff58e5f4825dc59ff9b",
    "candidates.jsonl": "b0e87eca53fcb98dc862a008a58109c62e76904d209c8ff76ac24e6ff635bb24",
    "cube-reduced.v82": "ff54834a5e39afe32a7f5d6c217d82984d3d0e9c28e74a48ba7e79f1ad3f6729",
    "economic-cashflow.jsonl": "498ab310c64f63ace42d5052aea0cd19309bd36c6cf056f3066a111d61d5d7b7",
    "evaluations.jsonl": "5c649da4b1bef54fd7db648db3703f9e96e4193754b351db3c436934b9e5f888",
    "oracle_bundle/analysis/findings.jsonl": "fa17b8891bf063c8f7f174b49eb687c06d4d7328b667803be0a2efe0a7072dca",
    "oracle_bundle/authority_surface.parquet": "52dc5d3b77a1e6892ce5815745932925d9553b139d46a0e54854cca5654a234b",
    "oracle_bundle/capital_viability_meta.json": "31ebb8e3c71123fda74bb090553946582fece452ee9567bd142cfcf38d267046",
    "oracle_bundle/capital_viability_surface.parquet": "4f82908d1989ae852e3806072f359bdcc3698e7768e6e31202bf4360115754a2",
    "oracle_bundle/cohort_manifest.json": "5bd8f1a5e6cb982dbf24fbc5c0d1984ec7a15d54844e04013d5937f2e9c7f6fa",
    "oracle_bundle/dedup_regret.json": "f4c7c2d49d79762f7c3d82761853d8db8c1e969611903671a27d4cb8b82064cf",
    "oracle_bundle/drift_monitor.jsonl": "aa197a4b1f9e49f00ea8ba3bcca18d9fc6ced3faa9ed3c16a84ad682ffbb1db8",
    "oracle_bundle/economics/oracle_evaluation.parquet": "f814164c3621d6c6b41761570eed01c554c53109d84fb46ba977306d54e132d7",
    "oracle_bundle/expert_joint_regime.parquet": "74c66e29d3ee266c206b2240515650016e3d1cbd2daf83c9c33d7f66237033b3",
    "oracle_bundle/funding_clock.parquet": "2b23565eee39523cfb1a331c00aac5a203d29bacb9a95cab4af9b33a12217bb0",
    "oracle_bundle/maker_identifiability_receipt.json": "1224bc84826de204ca85ccd2d08bb6be3acdc792345adbfdba8d0eaf40004a2a",
    "oracle_bundle/markouts.parquet": "6874fe526d0cbb14b3b261682dae47a9df8a5882f4d7444fc3028d5d002bf581",
    "oracle_bundle/multiple_testing.json": "cb3344c98a1fd8c150345cfd9e0eb0cfd4f706b611fcfabe0227acb05dab9fe0",
    "oracle_bundle/negative_control_universe.parquet": "c08158ed6039de604dc1836ac6196f953f895ba5a6e8e6cec9a67ef763f2fa5b",
    "oracle_bundle/null_world_falsification.json": "8e256bb2eb822dbb0c6afb48de05c6c518cbeb3334aab39a1cace9c8b5fd9a02",
    "oracle_bundle/o4_regret_decomposition.parquet": "e8a1fbe4c53d87258450f6254f6de65ce9619cac0d4e6a9cb99a49908430f741",
    "oracle_bundle/oracle_independence_receipt.json": "ffcbe35ff85a430822ca617cdd7ecb68dc877d58314204224bd4f94f3210c43f",
    "oracle_bundle/path_to_ruin.json": "3215defda31e58d759c80eac1b8cb36dfebf3f582a1067c790152fae8a437606",
    "oracle_bundle/population_lineage.jsonl": "e4d55bfe6d18180cf169d29334d2f340f01eea893272a66e310232554be73158",
    "oracle_bundle/power_materiality.json": "b1673385a0ca76ce9a0f6c4b7ba9ae5060cd9b5b31653b56c15374740764efaa",
    "oracle_bundle/provenance/opportunity_universe.json": "f1115f05054b01af0389807befe08218a63499a27610212ecc368d698bbb40f6",
    "oracle_bundle/regime_interactions.json": "30ec589cfa6c6d8677084b3893c654c3d0e79ffee2b84ba2861e892f6c95f3de",
    "oracle_bundle/regret_assumption_ledger.json": "e309c6bdcc87c71abfdb66b101e3245165dc95fbecfc734de7bd971fbfa3bafc",
    "oracle_bundle/report_cell_provenance.parquet": "27f3aa36d8d6fc6ebeb7aee18e3e8487fd90a21a7e5e4080110e8f44d9b86973",
    "oracle_bundle/report_reconciliation.json": "62b2f2fee5e16a78f3c8b7ef23b781c4b80b6ba1d9dfefad182b4ababa4f0ce1",
    "oracle_bundle/research_family_ledger.jsonl": "e3b0c44298fc1c149afbf4c8996fb92427ae41e4649b934ca495991b7852b855",
    "oracle_bundle/scenario_ruin_meta.json": "ed4b620f48f463e49f1a155af66f5e00547ebcccc6ef3c2e892376f561d2aa32",
    "oracle_bundle/slippage_at_risk.json": "771c8a5f60121dbbce93357f7c90852a4359644b5391e889b205812b3094d940",
    "oracle_bundle/temporal_noninterference_receipt.json": "9ebc1f77c81f283272c4053257022dd148434bf4cb38d1554f7088feb53e35ee",
    "oracle_bundle/unknown_reasons.json": "2a9e81f7fdcc48c663439e3093d1a6760bb41c4e3a38f03451c3bf9e1d5a8c4c",
    "oracle_bundle/veto_attribution.parquet": "450a2484d7153f6f953ab8cb2805f927d00e2b3183522370a9125f2c9e46ece0",
    "oracle_bundle/veto_attribution_summary.json": "229d8e6ba56db5283f13a5915548333e556de314bbaa3c47f1b8f615407d2fbb",
    "oracle_coverage_receipt.json": "f7548191f30063431a9b95ec7f0916863e195b6838a5a2c2f080ab09c0d66f74",
    "portfolio_receipt.json": "01ed33f97650968683e5dc2c73ccb41cbdf76430ba0ba4b793dc0df92a81fb6e"
  },
  "out_dir": ".audit/rust_audit_current",
  "pass1": {
    "allegory_duration_sec": 0.168828916,
    "allegory_meta": {
      "archetype_summaries": {
        "A01": {
          "archetype_code": "A01",
          "archetype_name": "Compression -> Expansion",
          "calibrated_score": 0.0,
          "mean_capture_efficiency": 0.0,
          "mean_exit_latency_bars": 1.0,
          "mean_lead_time_bars": 2.0,
          "mean_slippage_regret_bps": 0.0,
          "negative_control_leakage_rate": 0.0,
          "negative_episodes_evaluated": 1,
          "positive_episodes_evaluated": 1,
          "super_class": "DirectionalOpportunity",
          "verdict_rating": "ADEQUATE"
        },
        "A02": {
          "archetype_code": "A02",
          "archetype_name": "Slow Grind Trend",
          "calibrated_score": 0.0,
          "mean_capture_efficiency": 0.0,
          "mean_exit_latency_bars": 1.0,
          "mean_lead_time_bars": 2.0,
          "mean_slippage_regret_bps": 0.0,
          "negative_control_leakage_rate": 0.0,
          "negative_episodes_evaluated": 1,
          "positive_episodes_evaluated": 1,
          "super_class": "DirectionalOpportunity",
          "verdict_rating": "ADEQUATE"
        },
        "A03": {
          "archetype_code": "A03",
          "archetype_name": "Failed Breakout / Trap",
          "calibrated_score": 0.0,
          "mean_capture_efficiency": 0.0,
          "mean_exit_latency_bars": 1.0,
          "mean_lead_time_bars": 2.0,
          "mean_slippage_regret_bps": 0.0,
          "negative_control_leakage_rate": 0.0,
          "negative_episodes_evaluated": 0,
          "positive_episodes_evaluated": 0,
          "super_class": "DirectionalOpportunity",
          "verdict_rating": "DATA_BLOCKED"
        },
        "A04": {
          "archetype_code": "A04",
          "archetype_name": "Capitulation -> V-Reversal",
          "calibrated_score": 0.0,
          "mean_capture_efficiency": 0.0,
          "mean_exit_latency_bars": 1.0,
          "mean_lead_time_bars": 2.0,
          "mean_slippage_regret_bps": 0.0,
          "negative_control_leakage_rate": 0.0,
          "negative_episodes_evaluated": 0,
          "positive_episodes_evaluated": 0,
          "super_class": "DirectionalOpportunity",
          "verdict_rating": "DATA_BLOCKED"
        },
        "A05": {
          "archetype_code": "A05",
          "archetype_name": "Blow-Off / Exhaustion",
          "calibrated_score": 0.0,
          "mean_capture_efficiency": 0.0,
          "mean_exit_latency_bars": 1.0,
          "mean_lead_time_bars": 2.0,
          "mean_slippage_regret_bps": 0.0,
          "negative_control_leakage_rate": 0.0,
          "negative_episodes_evaluated": 0,
          "positive_episodes_evaluated": 0,
          "super_class": "DirectionalOpportunity",
          "verdict_rating": "DATA_BLOCKED"
        },
        "A06": {
          "archetype_code": "A06",
          "archetype_name": "Short/Long Squeeze vs Organic",
          "calibrated_score": 0.0,
          "mean_capture_efficiency": 0.0,
          "mean_exit_latency_bars": 1.0,
          "mean_lead_time_bars": 2.0,
          "mean_slippage_regret_bps": 0.0,
          "negative_control_leakage_rate": 0.0,
          "negative_episodes_evaluated": 0,
          "positive_episodes_evaluated": 0,
          "super_class": "ForcedFlowStress",
          "verdict_rating": "DATA_BLOCKED"
        },
        "A07": {
          "archetype_code": "A07",
          "archetype_name": "Liquidation Cascade / Flash Crash",
          "calibrated_score": 0.0,
          "mean_capture_efficiency": 0.0,
          "mean_exit_latency_bars": 1.0,
          "mean_lead_time_bars": 2.0,
          "mean_slippage_regret_bps": 0.0,
          "negative_control_leakage_rate": 0.0,
          "negative_episodes_evaluated": 1,
          "positive_episodes_evaluated": 1,
          "super_class": "ForcedFlowStress",
          "verdict_rating": "ADEQUATE"
        },
        "A08": {
          "archetype_code": "A08",
          "archetype_name": "Chop / Whipsaw Hell",
          "calibrated_score": 0.0,
          "mean_capture_efficiency": 0.0,
          "mean_exit_latency_bars": 1.0,
          "mean_lead_time_bars": 2.0,
          "mean_slippage_regret_bps": 0.0,
          "negative_control_leakage_rate": 0.0,
          "negative_episodes_evaluated": 1,
          "positive_episodes_evaluated": 1,
          "super_class": "LowOpportunityAdversarial",
          "verdict_rating": "ADEQUATE"
        },
        "A09": {
          "archetype_code": "A09",
          "archetype_name": "Mean-Reversion Range",
          "calibrated_score": 0.0,
          "mean_capture_efficiency": 0.0,
          "mean_exit_latency_bars": 1.0,
          "mean_lead_time_bars": 2.0,
          "mean_slippage_regret_bps": 0.0,
          "negative_control_leakage_rate": 0.0,
          "negative_episodes_evaluated": 0,
          "positive_episodes_evaluated": 0,
          "super_class": "LowOpportunityAdversarial",
          "verdict_rating": "DATA_BLOCKED"
        },
        "A10": {
          "archetype_code": "A10",
          "archetype_name": "Cross-Asset Rotation / Contagion",
          "calibrated_score": 0.0,
          "mean_capture_efficiency": 0.0,
          "mean_exit_latency_bars": 1.0,
          "mean_lead_time_bars": 2.0,
          "mean_slippage_regret_bps": 0.0,
          "negative_control_leakage_rate": 0.0,
          "negative_episodes_evaluated": 0,
          "positive_episodes_evaluated": 0,
          "super_class": "PortfolioDerivatives",
          "verdict_rating": "DATA_BLOCKED"
        },
        "A11": {
          "archetype_code": "A11",
          "archetype_name": "Funding / Basis Dislocation",
          "calibrated_score": 0.0,
          "mean_capture_efficiency": 0.0,
          "mean_exit_latency_bars": 1.0,
          "mean_lead_time_bars": 2.0,
          "mean_slippage_regret_bps": 0.0,
          "negative_control_leakage_rate": 0.0,
          "negative_episodes_evaluated": 0,
          "positive_episodes_evaluated": 0,
          "super_class": "PortfolioDerivatives",
          "verdict_rating": "DATA_BLOCKED"
        },
        "A12": {
          "archetype_code": "A12",
          "archetype_name": "Manipulation / Structural Breakdown",
          "calibrated_score": 0.0,
          "mean_capture_efficiency": 0.0,
          "mean_exit_latency_bars": 1.0,
          "mean_lead_time_bars": 2.0,
          "mean_slippage_regret_bps": 0.0,
          "negative_control_leakage_rate": 0.0,
          "negative_episodes_evaluated": 0,
          "positive_episodes_evaluated": 0,
          "super_class": "LowOpportunityAdversarial",
          "verdict_rating": "DATA_BLOCKED"
        }
      },
      "claim": "NO_ECONOMIC_CLAIM",
      "episode_evaluations": [
        {
          "archetype": "A01CompressionExpansion",
          "episode_id": "ep-A01-pos-5888",
          "ex_ante_admissions": 0,
          "ex_ante_realized_net_r": -0.0,
          "ex_post_unconstrained_mfe_r": 0.0,
          "execution_slippage_bps": 0.0,
          "exit_latency_bars": 1,
          "is_negative_control": false,
          "max_heat_incurred_r": -0.0,
          "no_trade_pass_correct": true,
          "realized_capture_efficiency": 0.0,
          "status": "CERTIFIED_EVALUATED",
          "warning_lead_time_bars": 0
        },
        {
          "archetype": "A01CompressionExpansion",
          "episode_id": "ep-A01-neg-5888",
          "ex_ante_admissions": 0,
          "ex_ante_realized_net_r": -0.0,
          "ex_post_unconstrained_mfe_r": 0.0,
          "execution_slippage_bps": 0.0,
          "exit_latency_bars": 1,
          "is_negative_control": true,
          "max_heat_incurred_r": -0.0,
          "no_trade_pass_correct": true,
          "realized_capture_efficiency": 0.0,
          "status": "CERTIFIED_EVALUATED",
          "warning_lead_time_bars": 0
        },
        {
          "archetype": "A02SlowGrindTrend",
          "episode_id": "ep-A02-pos-0",
          "ex_ante_admissions": 0,
          "ex_ante_realized_net_r": -0.0,
          "ex_post_unconstrained_mfe_r": 0.0,
          "execution_slippage_bps": 0.0,
          "exit_latency_bars": 1,
          "is_negative_control": false,
          "max_heat_incurred_r": -0.0,
          "no_trade_pass_correct": true,
          "realized_capture_efficiency": 0.0,
          "status": "CERTIFIED_EVALUATED",
          "warning_lead_time_bars": 0
        },
        {
          "archetype": "A02SlowGrindTrend",
          "episode_id": "ep-A02-neg-0",
          "ex_ante_admissions": 0,
          "ex_ante_realized_net_r": -0.0,
          "ex_post_unconstrained_mfe_r": 0.0,
          "execution_slippage_bps": 0.0,
          "exit_latency_bars": 1,
          "is_negative_control": true,
          "max_heat_incurred_r": -0.0,
          "no_trade_pass_correct": true,
          "realized_capture_efficiency": 0.0,
          "status": "CERTIFIED_EVALUATED",
          "warning_lead_time_bars": 0
        },
        {
          "archetype": "A08ChopWhipsawHell",
          "episode_id": "ep-A08-pos-0",
          "ex_ante_admissions": 0,
          "ex_ante_realized_net_r": -0.0,
          "ex_post_unconstrained_mfe_r": 0.0,
          "execution_slippage_bps": 0.0,
          "exit_latency_bars": 1,
          "is_negative_control": false,
          "max_heat_incurred_r": -0.0,
          "no_trade_pass_correct": true,
          "realized_capture_efficiency": 0.0,
          "status": "CERTIFIED_EVALUATED",
          "warning_lead_time_bars": 0
        },
        {
          "archetype": "A08ChopWhipsawHell",
          "episode_id": "ep-A08-neg-0",
          "ex_ante_admissions": 0,
          "ex_ante_realized_net_r": -0.0,
          "ex_post_unconstrained_mfe_r": 0.0,
          "execution_slippage_bps": 0.0,
          "exit_latency_bars": 1,
          "is_negative_control": true,
          "max_heat_incurred_r": -0.0,
          "no_trade_pass_correct": true,
          "realized_capture_efficiency": 0.0,
          "status": "CERTIFIED_EVALUATED",
          "warning_lead_time_bars": 0
        },
        {
          "archetype": "A07LiquidationFlashCrash",
          "episode_id": "ep-A07-pos-0",
          "ex_ante_admissions": 0,
          "ex_ante_realized_net_r": -0.0,
          "ex_post_unconstrained_mfe_r": 0.0,
          "execution_slippage_bps": 0.0,
          "exit_latency_bars": 1,
          "is_negative_control": false,
          "max_heat_incurred_r": -0.0,
          "no_trade_pass_correct": true,
          "realized_capture_efficiency": 0.0,
          "status": "CERTIFIED_EVALUATED",
          "warning_lead_time_bars": 0
        },
        {
          "archetype": "A07LiquidationFlashCrash",
          "episode_id": "ep-A07-neg-0",
          "ex_ante_admissions": 0,
          "ex_ante_realized_net_r": -0.0,
          "ex_post_unconstrained_mfe_r": 0.0,
          "execution_slippage_bps": 0.0,
          "exit_latency_bars": 1,
          "is_negative_control": true,
          "max_heat_incurred_r": -0.0,
          "no_trade_pass_correct": true,
          "realized_capture_efficiency": 0.0,
          "status": "CERTIFIED_EVALUATED",
          "warning_lead_time_bars": 0
        }
      ],
      "epistemic_authority": "MODEL_DERIVED_AUDIT",
      "negative_control_calibration_passed": true,
      "schema_version": "v8.allegory.v1",
      "scorecard_id": "a8ea3a157c54797a7ee4f9c622b791932e53493875967fb68845a8d9ed4e8a32",
      "super_class_scores": {
        "DirectionalOpportunity": 0.0,
        "ForcedFlowStress": 0.0,
        "LowOpportunityAdversarial": 0.0,
        "PortfolioDerivatives": 0.0
      },
      "tape_hash": "fd2b810ad88643e453f391b293f1deefef65284f34c9d3f7ee8566ec0dea2bcd",
      "total_episodes_evaluated": 8
    },
    "analysis_duration_sec": 1.9850786249999999,
    "analysis_meta": {
      "analysis_artifact": ".audit/rust_audit_current/analysis.jsonl",
      "n_candidates": 27537,
      "phase1": {
        "n_joined_rows": 1796
      },
      "phase2": {
        "discovery": {
          "alpha_slate_bonferroni": 0.0006944444444444445,
          "candidate_systematic_slices": [],
          "discovery_verdict_distribution": [
            [
              "CANDIDATE_SYSTEMATIC",
              0
            ],
            [
              "INSUFFICIENT_SUPPORT",
              8
            ],
            [
              "EXCLUDED_EMPTY",
              64
            ],
            [
              "NOT_MATERIAL",
              0
            ],
            [
              "NOT_SIGNIFICANT",
              0
            ]
          ],
          "expected_false_positives_at_family_alpha": 3.6,
          "n_candidate_systematic": 0,
          "n_slices_declared": 72
        },
        "n_candidate_systematic_tested": 0,
        "n_systematic_finding": 0
      },
      "phase3": {
        "n_not_recoverable_within_class": 0,
        "n_recoverable_within_class": 0,
        "n_slices_tested": 0,
        "recoverable_slices": [],
        "results": []
      },
      "reconciliation": {
        "n_executed": 0,
        "n_mismatched": 0,
        "n_not_applicable": 27537,
        "n_reconciled": 0,
        "pit_lineage_problems": 0,
        "verdict": "RECONCILED"
      },
      "subcommand": "analysis"
    },
    "artifacts": {
      "allegory_scorecard.json": "f6815c7b0689af2f051705711cb7219732a5b5474a222c9afbbf90ca917ea92f",
      "analysis.jsonl": "3fa915bb451017ff7eb3f54ec4fb57805c3d1fdb78964d845d98344debb8ad73",
      "candidate-transitions.jsonl": "77a0157d2aa58cd6c72390c7160aeda7b709fd73d5b3fff58e5f4825dc59ff9b",
      "candidates.jsonl": "b0e87eca53fcb98dc862a008a58109c62e76904d209c8ff76ac24e6ff635bb24",
      "cube-reduced.v82": "ff54834a5e39afe32a7f5d6c217d82984d3d0e9c28e74a48ba7e79f1ad3f6729",
      "economic-cashflow.jsonl": "498ab310c64f63ace42d5052aea0cd19309bd36c6cf056f3066a111d61d5d7b7",
      "evaluations.jsonl": "5c649da4b1bef54fd7db648db3703f9e96e4193754b351db3c436934b9e5f888",
      "oracle_bundle/analysis/findings.jsonl": "fa17b8891bf063c8f7f174b49eb687c06d4d7328b667803be0a2efe0a7072dca",
      "oracle_bundle/authority_surface.parquet": "52dc5d3b77a1e6892ce5815745932925d9553b139d46a0e54854cca5654a234b",
      "oracle_bundle/capital_viability_meta.json": "31ebb8e3c71123fda74bb090553946582fece452ee9567bd142cfcf38d267046",
      "oracle_bundle/capital_viability_surface.parquet": "4f82908d1989ae852e3806072f359bdcc3698e7768e6e31202bf4360115754a2",
      "oracle_bundle/cohort_manifest.json": "5bd8f1a5e6cb982dbf24fbc5c0d1984ec7a15d54844e04013d5937f2e9c7f6fa",
      "oracle_bundle/dedup_regret.json": "f4c7c2d49d79762f7c3d82761853d8db8c1e969611903671a27d4cb8b82064cf",
      "oracle_bundle/drift_monitor.jsonl": "aa197a4b1f9e49f00ea8ba3bcca18d9fc6ced3faa9ed3c16a84ad682ffbb1db8",
      "oracle_bundle/economics/oracle_evaluation.parquet": "f814164c3621d6c6b41761570eed01c554c53109d84fb46ba977306d54e132d7",
      "oracle_bundle/expert_joint_regime.parquet": "74c66e29d3ee266c206b2240515650016e3d1cbd2daf83c9c33d7f66237033b3",
      "oracle_bundle/funding_clock.parquet": "2b23565eee39523cfb1a331c00aac5a203d29bacb9a95cab4af9b33a12217bb0",
      "oracle_bundle/maker_identifiability_receipt.json": "1224bc84826de204ca85ccd2d08bb6be3acdc792345adbfdba8d0eaf40004a2a",
      "oracle_bundle/markouts.parquet": "6874fe526d0cbb14b3b261682dae47a9df8a5882f4d7444fc3028d5d002bf581",
      "oracle_bundle/multiple_testing.json": "cb3344c98a1fd8c150345cfd9e0eb0cfd4f706b611fcfabe0227acb05dab9fe0",
      "oracle_bundle/negative_control_universe.parquet": "c08158ed6039de604dc1836ac6196f953f895ba5a6e8e6cec9a67ef763f2fa5b",
      "oracle_bundle/null_world_falsification.json": "8e256bb2eb822dbb0c6afb48de05c6c518cbeb3334aab39a1cace9c8b5fd9a02",
      "oracle_bundle/o4_regret_decomposition.parquet": "e8a1fbe4c53d87258450f6254f6de65ce9619cac0d4e6a9cb99a49908430f741",
      "oracle_bundle/oracle_independence_receipt.json": "ffcbe35ff85a430822ca617cdd7ecb68dc877d58314204224bd4f94f3210c43f",
      "oracle_bundle/path_to_ruin.json": "3215defda31e58d759c80eac1b8cb36dfebf3f582a1067c790152fae8a437606",
      "oracle_bundle/population_lineage.jsonl": "e4d55bfe6d18180cf169d29334d2f340f01eea893272a66e310232554be73158",
      "oracle_bundle/power_materiality.json": "b1673385a0ca76ce9a0f6c4b7ba9ae5060cd9b5b31653b56c15374740764efaa",
      "oracle_bundle/provenance/opportunity_universe.json": "f1115f05054b01af0389807befe08218a63499a27610212ecc368d698bbb40f6",
      "oracle_bundle/regime_interactions.json": "30ec589cfa6c6d8677084b3893c654c3d0e79ffee2b84ba2861e892f6c95f3de",
      "oracle_bundle/regret_assumption_ledger.json": "e309c6bdcc87c71abfdb66b101e3245165dc95fbecfc734de7bd971fbfa3bafc",
      "oracle_bundle/report_cell_provenance.parquet": "27f3aa36d8d6fc6ebeb7aee18e3e8487fd90a21a7e5e4080110e8f44d9b86973",
      "oracle_bundle/report_reconciliation.json": "62b2f2fee5e16a78f3c8b7ef23b781c4b80b6ba1d9dfefad182b4ababa4f0ce1",
      "oracle_bundle/research_family_ledger.jsonl": "e3b0c44298fc1c149afbf4c8996fb92427ae41e4649b934ca495991b7852b855",
      "oracle_bundle/scenario_ruin_meta.json": "ed4b620f48f463e49f1a155af66f5e00547ebcccc6ef3c2e892376f561d2aa32",
      "oracle_bundle/slippage_at_risk.json": "771c8a5f60121dbbce93357f7c90852a4359644b5391e889b205812b3094d940",
      "oracle_bundle/temporal_noninterference_receipt.json": "9ebc1f77c81f283272c4053257022dd148434bf4cb38d1554f7088feb53e35ee",
      "oracle_bundle/unknown_reasons.json": "2a9e81f7fdcc48c663439e3093d1a6760bb41c4e3a38f03451c3bf9e1d5a8c4c",
      "oracle_bundle/veto_attribution.parquet": "450a2484d7153f6f953ab8cb2805f927d00e2b3183522370a9125f2c9e46ece0",
      "oracle_bundle/veto_attribution_summary.json": "229d8e6ba56db5283f13a5915548333e556de314bbaa3c47f1b8f615407d2fbb",
      "oracle_coverage_receipt.json": "f7548191f30063431a9b95ec7f0916863e195b6838a5a2c2f080ab09c0d66f74",
      "portfolio_receipt.json": "01ed33f97650968683e5dc2c73ccb41cbdf76430ba0ba4b793dc0df92a81fb6e"
    },
    "concurrency_wall_duration_sec": 1.985200708,
    "eval_duration_sec": 64.541538459,
    "eval_meta": {
      "candidate_transitions": ".audit/rust_audit_current/candidate-transitions.jsonl",
      "candidates": ".audit/rust_audit_current/candidates.jsonl",
      "cube_reduced": ".audit/rust_audit_current/cube-reduced.v82",
      "engines_used": [
        "cpu"
      ],
      "evaluations": ".audit/rust_audit_current/evaluations.jsonl",
      "n_candidates": 1796,
      "n_evaluations": 245280,
      "n_reduced": 1796,
      "n_rejected": 25741,
      "n_suppressed": 9452,
      "subcommand": "evaluate",
      "variant_overrides": {}
    },
    "fingerprint_duration_sec": 0.321668459,
    "html_duration_sec": 0.375607083,
    "oracle_duration_sec": 1.604692,
    "oracle_meta": {
      "claim": "NO_ECONOMIC_CLAIM",
      "population_hash": "0bd933f798f8a80182e40491006fcc0b082b6e5f",
      "receipt_id": "92de469b46da255f680e85d588a1eec6a3337704",
      "representational_coverage": 1.0,
      "representational_coverage_gap": 0.0,
      "represented_supported_count": 27537,
      "supported_opportunity_count": 27537,
      "total_opportunity_count": 27537,
      "universe_id": "universe-btcusdt-1h-v1",
      "unrepresented_clusters": [],
      "unrepresented_supported_count": 0,
      "unsupported_opportunity_count": 0
    },
    "status": "PASS",
    "total_duration_sec": 67.224015,
    "usdm_duration_sec": 0.738706458,
    "usdm_meta": {
      "cashflow_ledger_path": "economic-cashflow.jsonl",
      "evidence_role": "BURNED_DIAGNOSTIC",
      "frontier_receipt": {
        "active_red_flags": [],
        "candidate_precision_pct": 61.38675266683206,
        "captured_gross_r": 330.0341798551678,
        "captured_oracle_episodes": 60,
        "economic_value_recall_pct": 15.043508700272195,
        "episode_discovery_recall_pct": 13.015184381778742,
        "gross_to_net_conversion_pct": 38.445662640493765,
        "mfe_retention_ratio_pct": 41.26578571413626,
        "oracle_definition_id": "78a9edfa45ce42a321bd15c9691b3c05ab7f8e1dae29cd7bb406fd0f280e9bbb",
        "oracle_matched_candidates": 4949,
        "oracle_value_realization_pct": 15.043508700272195,
        "realized_net_pnl_usdt": 39.428022184642735,
        "receipt_id": "042d257748b5ff2dd88deb1bf84eef592ee0ea758ef78bc0fcf8980e05aab070",
        "symbol": "BTCUSDT",
        "total_candidates_emitted": 8062,
        "total_fees_usdt": 63.127167339166654,
        "total_oracle_episodes": 461,
        "total_oracle_gross_r": 2193.8643864991163
      },
      "gross_market_pnl_usdt": 102.55518952380932,
      "initial_balance_usdt": 1000.0,
      "max_drawdown_pct": 6.314883033878275,
      "max_margin_utilization_pct": 12.519894395674186,
      "n_trades_admitted": 117,
      "net_profit_usdt": 39.42802218464362,
      "profit_factor": 1.14269503120078,
      "promotion_authority": "NONE",
      "receipt_id": "receipt-usdm-1782864000999000000",
      "rejections_by_reason": {
        "ECONOMIC_MARGIN_BELOW_FRICTION_FLOOR": 162,
        "SUB_EXPANSION_MICRO_NOISE_SUPPRESSED": 28,
        "VETO_EXPECTED_EDGE_BELOW_COST_FLOOR": 16,
        "VETO_FAILED_CAMPAIGN_COOLDOWN_ACTIVE": 2
      },
      "terminal_equity_usdt": 1039.4280221846436,
      "total_fee_drag_usdt": 63.127167339166654,
      "total_funding_usdt": 0.0,
      "total_return_pct": 3.9428022184643625,
      "venue_contract_hash": "9fb5d2136dbac7de8400e3c5127ff6254f50cf53",
      "win_rate_pct": 39.31623931623932
    }
  },
  "status": "PASS",
  "subcommand": "full-audit",
  "tape_path": "research/tape/btcusdt-1h-12m/tape.jsonl",
  "threads": 4,
  "total_wall_time_sec": 67.257677
}
