{
  "cost_edge_ratio": -10.924049476908964,
  "cost_sweep": {
    "0.0": {
      "cost_r": 0.0,
      "mean_net_r": -0.006407880168243891,
      "n": 8040,
      "total_r": -51.51935655268089,
      "win_rate": 0.4968905472636816
    },
    "0.02": {
      "cost_r": 0.02,
      "mean_net_r": -0.0264078801682439,
      "n": 8040,
      "total_r": -212.31935655268094,
      "win_rate": 0.4937810945273632
    },
    "0.04": {
      "cost_r": 0.04,
      "mean_net_r": -0.04640788016824391,
      "n": 8040,
      "total_r": -373.11935655268104,
      "win_rate": 0.49129353233830847
    },
    "0.07": {
      "cost_r": 0.07,
      "mean_net_r": -0.07640788016824393,
      "n": 8040,
      "total_r": -614.3193565526811,
      "win_rate": 0.48818407960199006
    }
  },
  "edge_at_cost0": -0.006407880168243891,
  "executed_before_after": {
    "0.0": {
      "cost_r": 0.0,
      "mean_net_r": -0.04549416518553134,
      "n": 895,
      "n_executed": 895,
      "total_r": -40.71727784105055,
      "verdict": "NO_ECONOMIC_CLAIM",
      "win_rate": 0.46368715083798884
    },
    "0.07": {
      "cost_r": 0.07,
      "mean_net_r": -0.11549416518553138,
      "n": 895,
      "n_executed": 895,
      "total_r": -103.36727784105058,
      "verdict": "NO_ECONOMIC_CLAIM",
      "win_rate": 0.45251396648044695
    }
  },
  "geometry": {
    "stop_r": 1.0,
    "target_r": 1.0
  },
  "issue": 61,
  "lag": 2,
  "mean_at_shipped_cost": -0.07640788016824393,
  "mean_drops_vs_cost0": {
    "0.0": 0.0,
    "0.02": -0.020000000000000007,
    "0.04": -0.04000000000000002,
    "0.07": -0.07000000000000003
  },
  "n_bars": 2500,
  "n_drafts": 8047
}
