### ai_agent_tevv_sabotage-58632d55ae724470

running 2 tests
test test_af_t15_agent_prompt_gaming_triggers_immutable_defeater ... ok
test test_af_t16_actions_without_transcript_receipts_are_inadmissible ... ok

test result: ok. 2 passed; 0 failed; 0 ignored; 0 measured; 0 filtered out; finished in 0.00s

rc=0
### assurance_fabric_sabotage-7b61cfff257be3f0

running 7 tests
test test_af_t03_authority_projection_never_increases_tensor_dimensions ... ok
test test_af_t05_same_provider_lineage_cannot_satisfy_independence_twice ... ok
test test_af_t01_synthetic_evidence_cannot_satisfy_economic_claims ... ok
test test_af_t02_pit_defeater_deterministically_blocks_shadow_ready ... ok
test test_af_t04_hash_divergent_artifacts_are_inadmissible_to_sealed_case ... ok
test test_af_t06_claim_rule_bound_aware_composition_fails_closed ... ok
test test_af_t09_defeater_cannot_be_outvoted_by_majority ... ok

test result: ok. 7 passed; 0 failed; 0 ignored; 0 measured; 0 filtered out; finished in 0.00s

rc=0
### causal_future_shock-f7797285c99ac319

running 5 tests
test test_d139_dense_and_sparse_series_algebra ... ok
test test_d139_temporal_integrity_certificate_authority ... ok
test test_d139_chronos_gate_data_diode_stream ... ok
test test_d139_leak_mutant_100pct_kill_rate ... ok
test test_d139_future_shock_prefix_non_interference_fuzzing ... ok

test result: ok. 5 passed; 0 failed; 0 ignored; 0 measured; 0 filtered out; finished in 0.01s

rc=0
### continuous_certificate_lifecycle-e2ac0663763b3886

running 3 tests
test test_af_t08_time_bounded_certificate_expires_after_horizon ... ok
test test_af_t19_multi_dimensional_vector_forbids_scalar_collapse ... ok
test test_af_t20_epoch_advancement_preserves_append_only_history ... ok

test result: ok. 3 passed; 0 failed; 0 ignored; 0 measured; 0 filtered out; finished in 0.00s

rc=0
### d150_epistemic_succession_sabotage-bad1d20838046f41

running 20 tests
test test_d150_t01_mutate_sealed_evaluation_case ... ok
test test_d150_t02_mutate_sealed_epoch_after_certificate ... ok
test test_d150_t04_synthetic_pass_cannot_mint_supported_edge ... ok
test test_d150_t06_pit_violation_in_new_evidence_revokes_assurance ... ok
test test_d150_t07_old_certificate_superseded_by_successor ... ok
test test_d150_t05_synthetic_fail_attacks_robustness_prerequisite ... ok
test test_d150_t03_append_shadow_evidence_by_editing_e0_rejected ... ok
test test_d150_t08_policy_hash_change_requires_new_case_not_just_epoch ... ok
test test_d150_t09_evaluator_version_bound_in_coverage_manifest ... ok
test test_d150_t10_repeated_fixed_p_monitoring_is_diagnostic_only ... ok
test test_d150_t11_holdout_burned_data_cannot_regain_untouched_authority ... ok
test test_d150_t12_assurance_fabric_cannot_directly_write_claim_registry ... ok
test test_d150_t13_defeater_routes_to_kaizen_handoff_receipt ... ok
test test_d150_t14_hard_defeater_dominance_no_scalar_averaging ... ok
test test_d150_t15_unidentified_evidence_preserves_quarantined_status ... ok
test test_d150_t16_new_foundry_family_challenges_affected_claim_only ... ok
test test_d150_t17_historical_certificate_preserved_after_revocation ... ok
test test_d150_t18_parent_epoch_hash_mismatch_fails_lineage_verification ... ok
test test_d150_t19_certificate_digest_cryptographically_verifiable ... ok
test test_d150_t20_all_monitoring_pass_cannot_bypass_economic_promotion_burden ... ok

test result: ok. 20 passed; 0 failed; 0 ignored; 0 measured; 0 filtered out; finished in 0.00s

rc=0
### d152_gate_vector_authority_firewall-08602e345462ce70

running 15 tests
test default_gate_vector_proves_nothing ... ok
test gate_vector_enumerates_all_ten_positions ... ok
test certificate_without_registry_cannot_mint_authority ... ok
test blocked_oos_and_live_states_cannot_raise_authority ... ok
test gate_verdicts_use_the_assurance_vocabulary_not_a_parallel_one ... ok
test every_gate_position_blocks_when_not_pass ... ok
test gates_are_not_compensable_no_scalar_rescues_a_failure ... ok
test omitted_g6_g9_cannot_yield_readiness ... ok
test open_pin_is_declared_not_invented ... ok
test readiness_is_monotone_non_increasing_under_degraded_evidence ... ok
test registered_claim_resolves_only_through_registry ... ok
test required_unknown_and_na_and_missing_never_satisfy_readiness ... ok
test uncertified_output_is_always_no_economic_claim ... ok
test unknown_domain_results_cannot_be_silently_ignored ... ok
test renderer_cannot_increase_authority ... ok

test result: ok. 15 passed; 0 failed; 0 ignored; 0 measured; 0 filtered out; finished in 0.00s

rc=0
### d153_benchmark_fabric_sabotage-53cec69f538ce32e

running 24 tests
test test_bfs_003_missing_cell_treated_as_pass_fails ... ok
test test_bfs_008_common_mode_dependency_collapses_effective_sample_size ... ok
test test_bfs_006_novelty_manifest_burn_prevents_escalation ... ok
test test_bfs_001_weight_tamper_invalidates_case_hash ... ok
test test_bfs_005_high_score_with_pit_leak_defeats_g1 ... ok
test test_bfs_007_failed_trial_deletion_triggers_research_debt_failure ... ok
test test_bfs_009_terminal_sign_disagreement_blocks_parity ... ok
test test_bfs_002_missing_required_cell_affects_coverage ... ok
test test_bfs_010_overlapping_swing_labels_require_purge_and_embargo ... ok
test test_bfs_011_cpcv_on_burned_data_cannot_escalate_to_pristine_oos ... ok
test test_bfs_004_synthetic_frequency_rejected_as_future_probability ... ok
test test_bfs_012_never_trade_policy_precision_gaming_rejected ... ok
test test_bfs_013_always_trade_recall_gaming_rejected ... ok
test test_bfs_014_regime_classifier_version_binding ... ok
test test_bfs_015_unsupported_external_order_semantics_fails ... ok
test test_bfs_016_novelty_world_seed_reuse_fails_provenance ... ok
test test_bfs_017_arithmetic_mean_cannot_hide_catastrophic_submetric ... ok
test test_bfs_019_live_success_does_not_cure_causal_leak ... ok
test test_bfs_018_large_capital_scaling_without_capacity_model_rejected ... ok
test test_bfs_021_runtime_policy_reading_benchmark_score_forbidden ... ok
test test_bfs_022_underpowered_quantile_suppressed_on_small_sample ... ok
test test_bfs_023_dsr_proxy_labeled_genuine_dsr_blocks_g5 ... ok
test test_bfs_024_total_score_wins_while_protected_risk_floor_fails ... ok
test test_bfs_020_historical_benchmark_row_overwrite_rejected ... ok

test result: ok. 24 passed; 0 failed; 0 ignored; 0 measured; 0 filtered out; finished in 0.00s

rc=0
### d153_minerva_and_dashboard_test-3a1b4f44568066ff

running 3 tests
test test_minerva_hard_gating_and_seal_denial ... ok
test test_policy_certificate_and_dashboard_e2e ... ok
test test_monte_carlo_futures_simulation ... ok

test result: ok. 3 passed; 0 failed; 0 ignored; 0 measured; 0 filtered out; finished in 0.01s

rc=0
### d153_parity_adapters_policy_bound-51ae9cbb91531c98

running 50 tests
test default_mapping_version_is_the_registered_one ... ok
test adapter_and_request_engine_must_agree ... ok
test declared_but_missing_file_blocks_before_comparison ... ok
test bit_level_divergence_is_detected ... ok
test blocked_parity_is_still_attestable_as_a_negative ... ok
test blank_subject_is_blocked_not_compared ... ok
test curve_falls_back_to_file_order_without_a_sequence_field ... ok
test a_narrower_mapping_rejects_semantics_the_default_allows ... ok
test blank_mapping_is_unusable_and_blocks ... ok
test edited_receipt_fails_identity_verification ... ok
test engine_without_declared_version_is_refused_at_construction ... ok
test drawdown_uses_declared_sequence_not_file_order ... ok
test artifact_hash_change_invalidates_identity ... ok
test mapping_hash_is_order_independent_but_content_dependent ... ok
test empty_ledger_is_blocked_not_vacuously_equal ... ok
test fabricated_drawdown_multiplier_is_gone ... ok
test fixed_vectors_are_absent_from_parity_sources ... ok
test exact_parity_cannot_make_a_certificate_production_ready ... ok
test identical_verified_ledgers_reach_exact_match ... ok
test identity_version_is_stamped_and_required ... ok
test engine_version_and_build_hash_are_part_of_identity ... ok
test mapping_change_invalidates_identity ... ok
test every_outcome_carries_zero_authority ... ok
test mapping_order_set_is_the_single_source_of_supported_semantics ... ok
test max_drawdown_divergence_is_measured_not_multiplied ... ok
test method_version_is_part_of_identity_and_placeholders_rejected ... ok
test missing_artifact_is_data_blocked_never_zero_difference ... ok
test fill_timing_absence_is_none_not_zero ... ok
test parity_reads_real_bytes_not_the_caller_description ... ok
test negative_zero_is_not_equal_to_zero ... ok
test parity_observation_is_marked_non_sovereign ... ok
test receipt_cannot_be_grafted_onto_another_policy ... ok
test no_sequence_field_at_all_still_yields_a_curve_from_file_order ... ok
test subject_is_taken_from_the_case_not_from_a_string ... ok
test partially_sequenced_ledger_yields_no_curve_diagnostic ... ok
test tolerance_field_parity_passed_is_gone ... ok
test receipt_round_trips_through_json_and_still_verifies ... ok
test policy_id_change_changes_parity_identity ... ok
test record_ordering_does_not_change_parity_verdict ... ok
test non_finite_and_duplicate_records_fail_closed ... ok
test reconciliation_gaps_are_reported_even_on_exact_agreement ... ok
test there_is_no_authority_field_to_forge ... ok
test unsupported_order_semantics_veto_the_comparison ... ok
test unpaired_records_never_become_partial_agreement ... ok
test terminal_sign_reversal_is_divergence_not_rounding ... ok
test same_artifact_bound_twice_with_different_hashes_conflicts ... ok
test tampered_artifact_after_binding_is_caught ... ok
test runner_requires_parity_artifacts_to_be_declared ... ok
test with_parity_rejects_mismatched_case_and_broken_identity ... ok
test with_parity_binds_artifacts_and_reseals ... ok

test result: ok. 50 passed; 0 failed; 0 ignored; 0 measured; 0 filtered out; finished in 0.01s

rc=0
### d153_receipt_ledger_selfverify-036aeb04b3edebd5

running 40 tests
test compute_digest_never_reads_the_stored_value ... ok
test corrupt_or_injected_lines_fail_closed ... ok
test canonical_encoding_is_stable_and_public ... ok
test evidence_manifest_paths_exist_so_no_fictitious_artifact_is_bound ... ok
test certificate_status_cannot_be_escalated_through_a_report ... ok
test flipping_the_causal_pit_defeater_alone_changes_the_digest ... ok
test chain_relinking_after_row_deletion_is_caught ... ok
test downgrading_the_tail_to_a_weaker_seal_is_a_finding ... ok
test artifact_bindings_are_bound_and_verified_against_disk ... ok
test defeater_and_minerva_fields_are_bound ... ok
test all_domain_result_fields_are_bound ... ok
test entry_hash_tampering_is_caught ... ok
test json_report_stamps_the_recomputed_digest ... ok
test legacy_receipts_are_unbound_not_verified ... ok
test legacy_rows_are_unbound_but_not_condemned ... ok
test float_identity_is_not_collapsed_by_the_encoder ... ok
test html_report_renders_blocked_for_an_unverifiable_receipt ... ok
test legacy_row_content_edit_is_unbound_not_detected ... ok
test forged_artifact_hash_in_a_persisted_receipt_is_rejected_by_reports ... ok
test method_version_is_bound_and_refuses_placeholder ... ok
test missing_ledger_file_reads_as_empty_not_as_verified_history ... ok
test missing_provenance_is_reported_field_by_field ... ok
test all_observation_fields_are_bound ... ok
test policy_identity_assertion_catches_cross_policy_receipts ... ok
test missing_artifact_is_reported_and_distinguishable_from_mismatch ... ok
test observation_order_is_bound_but_map_order_is_not ... ok
test minerva_fields_are_bound ... ok
test reports_cannot_be_built_from_an_unverified_receipt ... ok
test serde_round_trip_preserves_verification ... ok
test ledger_audit_accepts_a_clean_append_only_chain ... ok
test report_surfaces_absent_bound_artifacts_instead_of_passing_silently ... ok
test unhashable_artifact_is_never_bound_as_an_empty_binding ... ok
test sequence_discontinuity_is_reported_without_masking_later_rows ... ok
test non_finite_metrics_fail_closed_instead_of_hashing_a_placeholder ... ok
test verify_recomputes_and_rejects_a_relabelled_digest ... ok
test persist_and_reload_round_trips_through_verification ... ok
test row_rewrite_with_a_self_consistent_digest_is_caught ... ok
test tamper_at_rest_in_the_persisted_file_is_detected_on_reload ... ok
test provenance_fields_are_bound ... ok
test every_gate_state_mutation_changes_the_digest ... ok

test result: ok. 40 passed; 0 failed; 0 ignored; 0 measured; 0 filtered out; finished in 0.01s

rc=0
### data_role_holdout_burn-8861a98474de4b47

running 2 tests
test test_research_multiplicity_and_trial_debt_accounting ... ok
test test_af_t07_holdout_burn_transitions_irreversibly_to_burned_diagnostic ... ok

test result: ok. 2 passed; 0 failed; 0 ignored; 0 measured; 0 filtered out; finished in 0.00s

rc=0
### epistemic_succession-1cc0fd60fda0da46

running 0 tests

test result: ok. 0 passed; 0 failed; 0 ignored; 0 measured; 0 filtered out; finished in 0.00s

rc=0
### epistemic_succession-bd3c956af6dc2607
================================================================================
  V8.5 / D-150 CONTINUOUS EPISTEMIC SUCCESSION ENGINE (Rules 51-56)
  Temporal Evidence Law: PolicyIdentity != EvidenceState
================================================================================

[1/4] Initializing Sealed Policy Case & Opening Epoch 1 (Baseline Qualification)...
  ✓ Case Manifest Sealed: case-c3219c166f443279 (digest: c3219c166f443279743fd588e62029ed6149c5be1d7185fcaaea003446748b98)
  ✓ Epoch 1 Sealed: Record 462a49a1f9b17042fb5ae458e0bf3e5fd81c2eb6afd4d66c478da664df276b1d | Cert: cert-v85-272977b796dd3e0b | Status: Qualified

[2/4] Advancing to Epoch 2 (Prospective Monitoring & World Coverage Expansion)...
  ✓ World Coverage Bound: worldcov-2618831c1d21935b (Scenarios: 1500)
  ✓ Monitoring Plan Initialized: monplan-b170ed7f6ff8a275 (Time-Valid Sequential: true)
  ✓ Epoch 2 Sealed: Record 0a9419886bad1ca1fe1277c1071fb96e30921c11c5b40127bab44077d4126e96
  ✓ Epoch 1 Certificate Marked SUPERSEDED (Historical immutability preserved)
  ✓ Epoch 2 Certificate ACTIVE: cert-v85-883a7ff4875f5e2a

[3/4] Advancing to Epoch 3 (Stress Testing & Adversarial Defeater Injection)...
  ⚠ Defeater Detected: defeater-0923f7211a3ba340 (Claim: StructuralRobustness)
  ✓ Loss Decomposition: Execution 35% | Exit 20% | Detection 15% | Allocation 10%
  ✓ Mandatory Kaizen Handoff Emitted: handoff-db91a83e991d49d3
  ✓ Current Certificate Automatically REVOKED: Some(Revoked("HARD_DEFEATER_DETECTED"))

[4/4] Cryptographic Lineage Verification & Artifact Serialization...
  ✓ Epoch Lineage Verification (E1 -> E2 -> E3): PASS (Bit-Exact Integrity)

================================================================================
  D-150 EXECUTION SUMMARY:
  - Epochs Evaluated & Sealed: 3 (E1: Baseline, E2: Prospective, E3: Defeater)
  - Historical Certificates Preserved: 2 (Zero History Rewriting)
  - Active Defeaters Handed to Kaizen: 1
  - Audit Directory: .audit/epistemic_succession/current
  - Constitutional Verdict: FULL COMPLIANCE (Rules 51-56, D-150-SPEC-001)
================================================================================

rc=0
### kaizen_iterations-b0dac95d9551380d

running 0 tests

test result: ok. 0 passed; 0 failed; 0 ignored; 0 measured; 0 filtered out; finished in 0.00s

rc=0
### policy_evidence_profile_adversarial-271273705595164f

running 14 tests
test adv_certificate_decorative_without_enforcement ... ok
test adv_frozen_oos_alone_not_production ... ok
test adv_g0_blocks_on_synthetic_leak ... ok
test adv_g1_blocks_without_estimand ... ok
test adv_garbage_generator_cannot_veto ... ok
test adv_no_scalar_average_hides_failure ... ok
test adv_quad_cannot_mint_edge ... ok
test adv_quad_render_never_bare_number ... ok
test adv_statistical_triple_still_blocks ... ok
test adv_synthetic_pass_grants_nothing ... ok
test adv_synthetic_population_maps_to_no_authority ... ok
test adv_unknown_coverage_stays_unknown ... ok
test adv_valid_generator_scoped_authority_only ... ok
test adv_world_spec_deterministic_receipt ... ok

test result: ok. 14 passed; 0 failed; 0 ignored; 0 measured; 0 filtered out; finished in 0.00s

rc=0
### production_growth_contract-ede4fee1bb7e3624

running 5 tests
test test_af_t10_broad_universe_single_asset_allocation_is_legal ... ok
test test_af_t11_weekly_shortfall_cannot_alter_decision_thresholds ... ok
test test_af_t17_realized_cashflow_requires_physical_fills ... ok
test test_friction_retention_profile ... ok
test test_lgng_calculation_and_drawdown_bounds ... ok

test result: ok. 5 passed; 0 failed; 0 ignored; 0 measured; 0 filtered out; finished in 0.00s

rc=0
### system_proving_ground-0d582d4b451c0bdb

running 2 tests
test test_af_t18_failure_attribution_conservation_and_domain_mapping ... ok
test test_af_t12_system_proving_ground_exercises_full_pipeline ... ok

test result: ok. 2 passed; 0 failed; 0 ignored; 0 measured; 0 filtered out; finished in 0.00s

rc=0
### v8_core-7e7dca3bc99a26e9

running 475 tests
test analysis::outcome::tests::field_set_is_exactly_the_ten ... ok
test account::tests::test_margin_exhaustion_rejection ... ok
test account::tests::test_margin_locking_and_equity ... ok
test analysis::outcome::tests::values_match_iff_all_ten_within_tolerance ... ok
test analysis::outcome::tests::projection_carries_the_ten_fields_and_drops_excluded ... ok
test analysis::phase1::tests::row_has_exactly_nineteen_fields ... ok
test analysis::phase2::tests::bootstrap_ci_tail_is_99_not_100 ... ok
test allocator::tests::test_allocator_step_size_rounding ... ok
test allocator::tests::test_allocator_min_notional_rejection ... ok
test analysis::phase1::tests::join_floats_are_bit_identical ... ok
test analysis::phase1::tests::symbols_sorted_and_rows_in_gap_order ... ok
test analysis::phase1::tests::join_matches_oracle_rows ... ok
test analysis::phase2::tests::excluded_empty_matches_oracle ... ok
test analysis::phase2::tests::family_alpha_stats_match_oracle ... ok
test analysis::phase2::tests::insufficient_support_matches_oracle ... ok
test analysis::phase2::tests::slice_family_is_the_declared_72_verbatim ... ok
test analysis::phase2::tests::seed_for_matches_oracle ... ok
test analysis::phase3::tests::apply_policy_matches_oracle ... ok
test analysis::phase1::tests::opportunity_set_carries_per_cell_utilities ... ok
test analysis::phase1::tests::opportunity_set_is_the_manifest_grid ... ok
test analysis::phase3::tests::seed_for_matches_oracle ... ok
test analysis::phase3::tests::format_g6_matches_cpython_percent_g ... ok
test analysis::phase3::tests::select_block_size_and_bootstrap_ci_match_oracle ... ok
test analysis::phase2::tests::discovery_slice_matches_oracle_bit_for_bit ... ok
test analysis::phase2::tests::actual_vs_no_trade_slice_matches_oracle_bit_for_bit ... ok
test analysis::phase2::tests::discovery_summary_counts_are_exact ... ok
test analysis::reconcile::tests::pit_lineage_is_clean_when_states_resolve ... ok
test analysis::reconcile::tests::pit_lineage_reports_missing_and_unresolved_birth_states ... ok
test analysis::reconcile::tests::pit_lineage_reports_future_leakage_with_oracle_text ... ok
test analysis::reconcile::tests::missing_observed_outcome_is_entry_bar_or_outcome_missing ... ok
test analysis::reconcile::tests::run_usage_error_returns_two ... ok
test analysis::reconcile::tests::corrupted_observed_net_r_mismatches_with_oracle_counts ... ok
test analysis::reconcile::tests::clean_ledger_reconciles_to_oracle_counts ... ok
test analysis::phase2::tests::confirmation_matches_oracle_and_second_query_is_refused ... ok
test analysis::phase2::tests::confirmation_different_half_matches_oracle ... ok
test analysis::reconcile::tests::transitions_sort_by_sequence_for_detected_executed_terminal ... ok
test analysis::reconcile::tests::unbound_candidate_is_reported_not_dropped ... ok
test analysis::phase3::tests::birth_features_match_oracle ... ok
test analysis::phase3::tests::declare_policies_matches_oracle ... ok
test analysis::reconcile::tests::snapshots_bind_by_rederived_episode_key ... ok
test analysis::veto_attribution::tests::test_veto_attribution_invariants_and_authority_tags ... ok
test analysis::regret_o4::tests::test_baseline_o4_regret_proportions ... ok
test analysis::scorecard::tests::test_witness_scorecard_empirical_measurement ... ok
test analysis::regret_o4::tests::test_o4_regret_mathematical_invariants ... ok
test audit::mutants::tests::test_leak_001_atr_offset_mutant_is_100pct_killed ... ok
test analysis::phase3::tests::evaluate_slice_recoverability_matches_oracle ... ok
test audit::sabotage::tests::test_sabotage_1_counterfactual_labeled_as_realized_must_fail ... ok
test audit::sabotage::tests::test_sabotage_2_missing_cashflow_ledger_pnl_claim_must_fail ... ok
test audit::mutants::tests::test_leak_002_adx_offset_mutant_is_100pct_killed ... ok
test audit::mutants::tests::test_leak_003_funding_misindex_mutant_is_100pct_killed ... ok
test audit::sabotage::tests::test_sabotage_4_injected_future_timestamp_must_block_claim ... ok
test audit::sabotage::tests::test_sabotage_6_missing_auditor_receipt_blocks_supported_edge ... ok
test analysis::phase3::tests::run_phase3_matches_oracle ... ok
test audit::sabotage::tests::test_sabotage_7_hardcoded_pnl_injection_violates_conservation ... ok
test audit::sabotage::tests::test_sabotage_3_tampered_receipt_hash_must_block_claim ... ok
test analysis::reconcile::tests::run_halts_on_pit_lineage_violation ... ok
test analysis::reconcile::tests::run_writes_reconciliation_json_matching_oracle ... ok
test audit::sabotage::tests::test_sabotage_8_oracle_leakage_to_execution_must_fail ... ok
test audit::sabotage::tests::test_sabotage_5_100_clone_witnesses_invariance_n_eff_equals_one ... ok
test authority::tests::test_3d_authority_meet_monotonic_degradation ... ok
test authority::tests::test_claim_value_execution_gatekeeper_blocks_unauthorized ... ok
test authority::tests::test_conflicting_active_authority_fails_closed ... ok
test authority::tests::test_counterfactual_never_passes_economic_claim_gate ... ok
test authority::tests::test_evidence_sovereignty_resolves_to_d132 ... ok
test authority::tests::test_multiplicity_resolves_unambiguously_to_d044 ... ok
test authority::tests::test_statistical_invariance_monotonicity ... ok
test analysis::reconcile::tests::run_halts_on_corrupted_ledger_and_reports_reason ... ok
test authority::tests::test_unspecified_authority_fails_closed ... ok
test backend::scalar::tests::adverse_gap_stop_fills_at_open_in_full ... ok
test backend::scalar::tests::equal_opposite_gaps_book_equal_opposite_r ... ok
test backend::scalar::tests::favorable_gap_target_fills_at_open_not_barrier ... ok
test backend::scalar::tests::invalid_pyramid_rule_fails_before_the_entry_bar ... ok
test backend::scalar::tests::pyramid_add_rolls_to_midpoint_and_charges_both_legs_long ... ok
test backend::scalar::tests::pyramid_add_rolls_to_midpoint_and_charges_both_legs_short ... ok
test backend::scalar::tests::short_gaps_symmetric_at_declared_barrier ... ok
test backend::execution::tests::test_execution_backend_produces_valid_receipt_under_authority ... ok
test backend::execution::tests::test_execution_backend_fails_without_portfolio_authority ... ok
test backend::simd::tests::simd_backend_bit_identical_to_scalar_across_endpoints ... ok
test backend::simd::tests::simd_bit_identical_trigger_thesis_and_time_exit ... ok
test backend::simd::tests::simd_falls_back_for_stop_moving_drafts_bit_identical ... ok
test backend::simd::tests::simd_limit_fill_delegates_to_scalar_bit_identical ... ok
test backend::tests::gpu_dispatch_rejects_limit_fill_policy ... ok
test backend::tests::engine_mode_parse_is_explicit_and_fail_closed ... ok
test backend::tests::scalar_and_cpu_backends_are_bit_identical ... ok
test backend::tests::cpu_backend_threads_1_and_4_are_byte_identical ... ok
test cache::tests::cache_key_version_changes_content_address ... ok
test cache::tests::canonical_key_is_stable ... ok
test backend::tests::trait_evaluate_matches_direct_scalar_run ... ok
test cache::tests::different_outcome_key_is_a_different_entry ... ok
test backend::tests::auto_engine_matches_cpu_reference_on_cpu_only_host ... ok
test backend::tests::replay_cell_validation_fails_closed_on_bad_window_or_direction ... ok
test cache::tests::typed_outcome_round_trips_all_semantic_fields ... ok
test candidate::tests::replay_is_idempotent_for_duplicate_event_id ... ok
test candidate::tests::replay_rejects_counterfactual_execution_transition ... ok
test candidate::tests::replay_sorts_ingestion_order_and_reproduces_projection ... ok
test cashflow::tests::test_cashflow_accounting_conservation ... ok
test claims::tests::test_claim_registry_and_renderer_firewall ... ok
test claims::tests::test_counterfactual_potential_authority_validation ... ok
test backend::tests::simd_cpu_backend_parallel_bit_identical_to_scalar ... ok
test claims::tests::test_realized_cashflow_requires_full_settlement ... ok
test data::tests::dedups_by_source_event_id_first_wins ... ok
test data::tests::closed_only_bars_are_columnar ... ok
test data::tests::rejects_funding_implausible_rate ... ok
test data::tests::rejects_non_finite_ohlc ... ok
test data::tests::sorts_into_canonical_replay_order ... ok
test candidate::tests::jsonl_persistence_replays_the_durable_projection ... ok
test data::tests::validates_ohlc_invariants_like_oracle ... ok
test eeo::tests::test_eeo003_provider_registry_and_contract_integrity ... ok
test eeo::tests::test_eeo006_diagnostic_providers_and_pathology_map ... ok
test eeo::tests::test_eeo004_foundational_providers_deterministic_evaluation ... ok
test eeo::tests::test_eeo005_evidence_graph_and_audit_adjudication_with_anti_self_certification ... ok
test eeo::tests::test_eeo007_registered_counterfactual_replay_upstream_invalidation ... ok
test checkpoint::tests::test_checkpoint_roundtrip ... ok
test eeo::tests::test_eeo008_path_alignment_and_pairwise_interaction ... ok
test eeo::tests::test_eeo009_challenge_layer_and_common_mode_auditor ... ok
test eeo::tests::test_eeo010_qualification_harness_suite_metrics ... ok
test eeo::tests::test_eeo015_economic_pathology_report_compilation ... ok
test evaluation::allegory::tests::test_archetype_ontology_completeness ... ok
test evaluation::allegory::tests::test_negative_control_pairing_invariant ... ok
test evaluation::allegory::tests::test_zero_hindsight_scorecard_determinism ... ok
test cache::tests::hit_and_miss_write_byte_identical_artifacts ... ok
test evaluation::authority_surface::tests::test_orthogonality_of_all_4_axes ... ok
test evaluation::authority_surface::tests::test_rule12_fails_closed_on_uncertified_economic_claim ... ok
test evaluation::falsification::tests::test_martingale_generator_properties ... ok
test evaluation::falsification::tests::test_shuffled_directions_properties ... ok
test evaluation::authority_surface::tests::test_expert_authority_surface_generation ... ok
test evaluation::lineage::tests::test_cross_source_cohort_disagreement_blocks_reconciliation ... ok
test evaluation::lineage::tests::test_dag_passes_on_consistent_independent_observations ... ok
test evaluation::multiple_testing::tests::test_conservation_of_trials_and_multiplicity_accounting ... ok
test evaluation::lineage::tests::test_missing_child_mutation_gate_fails_closed_on_stage_a ... ok
test evaluation::lineage::tests::test_missing_child_mutation_gate_fails_closed_on_stage_b ... ok
test evaluation::multiple_testing::tests::test_baseline_multiplicity_ledger_integrity ... ok
test evaluation::falsification::tests::test_null_world_falsification_battery_calibration ... ok
test evaluation::tests::test_rust_funnel_conservation ... ok
test evaluation::tests::test_rust_10_family_null_suite ... ok
test evaluation::tests::test_rust_validity_gates ... ok
test evaluation::tests::test_rust_path_classification ... ok
test evaluation::regime_cube::tests::test_joint_4d_regime_partition_and_invariants ... ok
test evaluation::tests::test_rust_statistics_bootstrap ... ok
test evidence::tests::fixture_identity_is_a_hash_of_regenerable_fields ... ok
test analysis::tests::analysis_smoke_reconcile_through_phase3_without_error ... ok
test evidence::tests::identity_only_artifact_rejects_information_field ... ok
test evaluation::temporal::tests::test_temporal_noninterference_under_extreme_future_shocks ... ok
test evidence::tests::retention_requires_a_retained_record ... ok
test evidence::tests::fingerprint_is_content_addressed ... ok
test cache::tests::stale_or_corrupt_entries_are_not_cache_hits ... ok
test evidence::tests::numeric_value_regions_contain_no_decimal_float_text ... ok
test evidence::tests::removing_any_run_constant_fails_closed ... ok
test evidence::tests::values_artifact_rejects_full_only_field ... ok
test evaluation::tests::test_rust_full_evaluation_bundle ... ok
test experiment::tests::authority_receipt_type_is_fail_closed ... ok
test experiment::tests::invalidation_is_resolved_before_counterfactual_replay ... ok
test experiment::tests::authority_blocks_economic_claim ... ok
test experiment::tests::ks_empty_population_is_maximal ... ok
test experiment::tests::ks_matches_known_ecdf ... ok
test experiment::tests::low_execution_share_blocks_attribution ... ok
test experiment::tests::lifecycle_admission_releases_closed_exposure ... ok
test evidence::tests::round_trip_regenerates_dropped_fields_and_identity ... ok
test experiment::tests::pilot_predicate_is_bound_to_replay_cell ... ok
test experiment::tests::tape_hash_matches_python_sha1_hex_fixture ... ok
test experts::base::tests::test_metamorphic_invariance_of_mechanism_labels ... ok
test experts::predicate::tests::observed_operands_yield_valid_or_invalid ... ok
test experts::predicate::tests::unobservable_operand_yields_epistemic_unknown_not_valid ... ok
test cache::tests::durable_store_round_trips_across_reopen ... ok
test experts::variant_tests::variant_overrides_are_explicit_and_fail_closed ... ok
test experts::squeeze_swing::tests::test_squeeze_swing_triggers_on_compression_and_breakout ... ok
test features::tests::closure_is_transitive ... ok
test evidence::tests::artifact_round_trip_bytes_are_deterministic ... ok
test experts::witness_adapter::tests::test_witness_ensemble_observes_without_execution_authority ... ok
test features::tests::obv_closure_withholds_atr_and_history ... ok
test features::tests::typical_closure_keeps_its_reads ... ok
test hash::tests::f64_encodes_ieee_le_bits ... ok
test hash::tests::audit_float_fixture_hashes_bits_not_decimals ... ok
test hash::tests::i64_and_f64_cannot_collide ... ok
test hash::tests::map_sorts_keys_canonically ... ok
test hash::tests::int_width_is_fixed_two_complement ... ok
test evidence::tests::state_artifact_round_trips_through_disk ... ok
test hash::tests::nan_is_normalized_total ... ok
test hash::tests::string_is_length_prefixed_utf8 ... ok
test hash::tests::zeros_are_distinct ... ok
test jsonx::tests::large_finite_exponent_ok ... ok
test hash::tests::subnormal_round_trips ... ok
test evidence::tests::validity_bit_marks_absent_rows ... ok
test jsonx::tests::parses_finite_line_identically_to_serde ... ok
test evidence::tests::ledger_fixture_two_writes_are_byte_identical ... ok
test jsonx::tests::records_negative_infinity ... ok
test experiment::tests::receipt_is_immutable_and_idempotent ... ok
test jsonx::tests::records_python_nan_at_path ... ok
test jsonx::tests::rejects_structural_garbage ... ok
test judiciary::emergency::tests::test_atomic_consumption_and_single_use ... ok
test judiciary::emergency::tests::test_economic_tuning_file_rejected_at_issue_and_verify ... ok
test judiciary::emergency::tests::test_scope_violation_rejected ... ok
test judiciary::emergency::tests::test_ttl_expiry_fails_closed ... ok
test judiciary::emergency::tests::test_two_stage_hotfix_ratify_and_auto_rollback ... ok
test judiciary::emergency::tests::test_warrant_issue_and_valid_compliance ... ok
test judiciary::tests::test_blind_audit_protocol ... ok
test judiciary::tests::test_constitution_tree_hash_pinning ... ok
test judiciary::tests::test_expedited_appeal_engine ... ok
test judiciary::tests::test_governance_receipt_efficiency ... ok
test judiciary::tests::test_kaizen_external_constitutional_audit ... ok
test judiciary::tests::test_mandate_scope_and_lease ... ok
test judiciary::tests::test_no_naked_veto_enforcement ... ok
test kaizen::adaptive::tests::test_o032_unblocking_criteria_certification_check ... ok
test kaizen::adaptive::tests::test_adaptive_sequential_mode_fails_closed_blocked_by_o032 ... ok
test kaizen::adaptive::tests::test_fixed_sample_sweep_evaluates_and_accounts_trial_debt ... ok
test kaizen::campaign::tests::test_mechanism_family_classification ... ok
test kaizen::campaign::tests::test_persistent_campaign_multi_bar_update ... ok
test kaizen::chop_suppression::tests::test_chop_gate_cooldown_veto ... ok
test kaizen::chop_suppression::tests::test_chop_gate_cost_feasibility ... ok
test kaizen::controller::tests::test_kaizen_controller_orchestration ... ok
test kaizen::correlation::tests::test_high_correlation_cluster_caps_total_heat ... ok
test kaizen::derivatives::tests::test_derivatives_tape_empty_fails_closed_to_data_blocked ... ok
test kaizen::cost_surface::tests::test_wide_stop_trade_is_cost_feasible ... ok
test evidence::tests::s5_artifacts_are_byte_stable ... ok
test kaizen::cost_surface::tests::test_micro_scalp_rejected_as_cost_dominated ... ok
test kaizen::derivatives::tests::test_derivatives_tape_ingestion_formalized ... ok
test experiment::tests::missing_holdout_writes_receipt_and_report ... ok
test kaizen::diagnosis::tests::test_incomplete_telemetry_fails_closed ... ok
test kaizen::diagnosis::tests::test_insufficient_evidence_triggers_pending_investigation ... ok
test kaizen::diagnosis::tests::test_multi_label_capability ... ok
test kaizen::exit_trailing::tests::test_breakeven_challenger_premature_kill_tradeoff ... ok
test kaizen::exit_trailing::tests::test_breakeven_challenger_saves_loss_on_failed_continuation ... ok
test kaizen::exit_trailing::tests::test_chandelier_trailing_rides_fat_tail ... ok
test kaizen::governance::tests::test_alpha_before_sizing_allows_quarter_kelly_when_certified ... ok
test kaizen::governance::tests::test_alpha_before_sizing_blocks_uncertified_signal ... ok
test kaizen::liquidity_floor::tests::test_dynamic_liquidity_unlocks_deployable_capital_on_clean_account ... ok
test kaizen::iteration::tests::config_hash_is_deterministic_and_binds_variants ... ok
test kaizen::liquidity_floor::tests::test_dynamic_liquidity_protects_against_margin_stress_when_positions_open ... ok
test kaizen::mega::tests::test_sensor_lead_time_recall_audit ... ok
test kaizen::mega::tests::test_label_extreme_episodes_detects_crash ... ok
test kaizen::iteration::tests::candidate_seed_set_contains_fine_and_subset_challengers ... ok
test kaizen::diagnosis::tests::test_attribution_unsafe_validity_gate_fires_on_divergence ... ok
test kaizen::quantization::tests::test_exceeds_budget_fails_closed ... ok
test kaizen::quantization::tests::test_micro_lot_admission_prevents_zero_rounding_dropout ... ok
test kaizen::quantization::tests::test_micro_lot_admitted_when_raw_rounds_to_zero_but_one_lot_fits ... ok
test kaizen::research_debt::tests::test_dual_counter_research_accounting_idempotence ... ok
test kaizen::research_debt::tests::test_forensic_assessment_to_hypothesis_record_zero_mutation ... ok
test kaizen::research_debt::tests::test_ledger_stores_covariance_and_lineage ... ok
test kaizen::robustness::tests::test_cliff_veto_with_epsilon_floor_protection ... ok
test kaizen::robustness::tests::test_negative_utility_points_are_non_viable ... ok
test kaizen::robustness::tests::test_insufficient_n_fails_closed ... ok
test kaizen::provenance::tests::test_tape_provenance_verification ... ok
test kaizen::validation::tests::test_atomic_holdout_burn_rejects_secondary_access ... ok
test kaizen::robustness::tests::test_plateau_classification_success ... ok
test kaizen::validation::tests::test_catastrophic_veto_overrides_majority_pass ... ok
test kaizen::validation::tests::test_crash_resilience_cannot_reopen_failed_after_burn ... ok
test kaizen::verdict::tests::test_verdict_engine_demands_all_three_pvalues_pass ... ok
test kaizen::validation::tests::test_paired_delta_wfa_majority_pass ... ok
test kaizen::verdict::tests::test_verdict_engine_fails_closed_on_synthetic_leak ... ok
test kaizen::verification::tests::test_campaign_simulator_integration ... ok
test mt19937::tests::canonical_mt19937_vector ... ok
test mt19937::tests::matches_cpython_edge_seeds ... ok
test mt19937::tests::matches_cpython_random_randrange_getrandbits ... ok
test mt19937::tests::matches_cpython_getrandbits_stream ... ok
test mt19937::tests::matches_cpython_randrange_sequence ... ok
test mt19937::tests::matches_cpython_sample_range_n ... ok
test mt19937::tests::matches_cpython_seed_5489 ... ok
test opportunity::campaign::tests::test_portfolio_feasibility_admission_and_capacity_bound ... ok
test opportunity::exposure::tests::test_anti_false_collapse_basis_preservation ... ok
test opportunity::exposure::tests::test_exact_alias_collapse_into_single_factor ... ok
test opportunity::exposure::tests::test_unresolved_exposure_fails_closed ... ok
test opportunity::frontier::tests::test_frontier_evaluator_and_red_flag_detection ... ok
test opportunity::funnel::tests::test_h4_conflict_source_decomposition ... ok
test opportunity::harness_t1_t12::tests::test_t10_exposure_aware_portfolio_feasibility_invariant ... ok
test opportunity::grammar::tests::test_modular_grammar_archetype_detections ... ok
test opportunity::harness_t1_t12::tests::test_t11_deterministic_replay_bit_identity ... ok
test opportunity::harness_t1_t12::tests::test_t12_rule_12_zero_synthetic_leakage_invariant ... ok
test opportunity::harness_t1_t12::tests::test_t2_false_collapse_and_alias_protection_invariant ... ok
test opportunity::harness_t1_t12::tests::test_t1_epistemic_demarcation_invariant ... ok
test opportunity::harness_t1_t12::tests::test_t3_zero_lookahead_pit_invariant ... ok
test opportunity::harness_t1_t12::tests::test_t4_observer_sovereign_prohibition_invariant ... ok
test opportunity::harness_t1_t12::tests::test_t5_unpenalized_abstention_invariant ... ok
test opportunity::harness_t1_t12::tests::test_t6_clone_observer_collapse_invariant ... ok
test opportunity::harness_t1_t12::tests::test_t7_anti_ranking_per_opportunity_evaluation_invariant ... ok
test opportunity::harness_t1_t12::tests::test_t8_friction_hurdle_invariant ... ok
test opportunity::harness_t1_t12::tests::test_t9a_same_epoch_dominated_opportunity_independence ... ok
test opportunity::harness_t1_t12::tests::test_t9b_intertemporal_capital_opportunity_regret ... ok
test evidence::tests::headers_carry_required_run_constants_for_all_kinds ... ok
test opportunity::reconcile::tests::test_abstention_does_not_corrupt_clean_support ... ok
test opportunity::reconcile::tests::test_exact_observer_clone_collapse_n_eff_equals_one ... ok
test opportunity::reconcile::tests::test_reconciliation_receipt_authority_verification ... ok
test opportunity::reconcile::tests::test_severe_contradiction_dampens_to_inconclusive ... ok
test opportunity::tests::test_false_collapse_basis_protection ... ok
test opportunity::tests::test_r1_seven_canonical_primitives_composition ... ok
test opportunity::tests::test_r4_typed_v83_error_taxonomy ... ok
test opportunity::tests::test_r3_zero_capital_authority_on_raw_evidence ... ok
test opportunity::tests::test_r2_cryptographic_blake3_determinism ... ok
test opportunity::tests::test_selective_utility_sub_friction_suppression ... ok
test opportunity::utility::tests::test_marginal_edge_above_friction_below_uncertainty_defers ... ok
test opportunity::utility::tests::test_robust_edge_above_all_hurdles_qualifies_for_trade ... ok
test opportunity::utility::tests::test_sub_friction_opportunity_defaults_to_no_trade ... ok
test opportunity::utility::tests::test_unsupported_or_contradicted_stance_defaults_to_no_trade ... ok
test oracle::authority::tests::identified_outcome_carries_point_estimate ... ok
test oracle::authority::tests::partially_identified_overlapping_intervals_fail_closed_for_ordering ... ok
test oracle::authority::tests::unknown_fails_closed_in_ordering_comparison ... ok
test oracle::authority::tests::unknown_returns_no_numeric_point_value ... ok
test opportunity::runloop::tests::test_v83_runloop_end_to_end_pipeline ... ok
test opportunity::runloop::tests::test_v83_runloop_canonical_trace_lineage_survives ... ok
test oracle::coverage::tests::acceptance_test_3_unsupported_size_action_or_queue_fill_is_weaker_authority_or_unknown ... ok
test oracle::coverage::tests::acceptance_test_4_insufficient_horizon_and_model_only_return_typed_refusals ... ok
test oracle::coverage::tests::acceptance_test_5_unknown_propagates_into_summaries_and_records_never_treated_as_zero ... ok
test oracle::coverage::tests::acceptance_test_10_no_regret_attribution_record_or_additive_total_emitted ... ok
test oracle::coverage::tests::acceptance_test_7_grid_grammar_mutation_changes_universe_id_and_lineage ... ok
test oracle::coverage::tests::zero_coverage_fails_nonzero_coverage_floor ... ok
test oracle::coverage::tests::every_coverage_numerator_member_reconciles_to_supported_denominator ... ok
test oracle::episode::tests::test_oracle_definition_deterministic_hashing ... ok
test oracle::coverage::tests::acceptance_test_9_opportunity_outputs_bind_alternative_population_hash_explicitly ... ok
test oracle::coverage::tests::acceptance_test_2_l1_request_for_l3_returns_execution_authority_too_weak_with_no_point_value ... ok
test oracle::coverage::tests::acceptance_test_8_every_coverage_member_reconciles_and_zero_coverage_fails_floor ... ok
test oracle::coverage::tests::acceptance_test_1_missing_decision_time_data_cannot_produce_coverage_member ... ok
test oracle::episode::tests::test_oracle_episode_extraction_and_non_overlap ... ok
test oracle::independence::tests::test_population_invariance_and_unique_contribution_formula ... ok
test oracle::information::tests::future_known_or_unavailable_fields_cannot_enter_information_set ... ok
test evidence::tests::ledger_battery_all_six_cheap_tests_pass ... ok
test oracle::support::tests::future_or_negative_decision_time_returns_missing_decision_time_data ... ok
test oracle::support::tests::insufficient_future_horizon_returns_undefined_future ... ok
test oracle::support::tests::l1_request_for_l3_returns_execution_authority_too_weak_and_not_identifiable ... ok
test oracle::opportunity::tests::grammar_generation_does_not_mutate_lifecycle_registry ... ok
test oracle::support::tests::model_only_counterfactual_returns_model_only_refusal ... ok
test oracle::opportunity::tests::thread_count_is_not_an_input_to_grammar_artifacts ... ok
test oracle::support::tests::unsupported_size_or_queue_fill_fails_support ... ok
test oracle::opportunity::tests::frozen_inputs_produce_stable_candidate_universe_population_and_manifest_identities ... ok
test oracle::opportunity::tests::direction_is_a_distinct_grammar_candidate_identity ... ok
test oracle::taxonomy::tests::refusal_codes_are_closed_and_stable ... ok
test oracle::opportunity::tests::registry_grid_universe_timeframe_and_execution_mode_mutations_change_universe_identity ... ok
test oracle::taxonomy::tests::taxonomy_has_only_the_three_oracle_roles ... ok
test oracle::utility::tests::contract_rejects_incomplete_or_infeasible_constraints_without_ranking ... ok
test path_security::tests::test_traversal_detection ... ok
test path_security::tests::test_valid_paths ... ok
test portfolio::tests::test_position_unrealized_pnl ... ok
test quant::tests::test_brownian_bridge_probability_bounds ... ok
test quant::tests::test_capture_ratio_identifiability_gate ... ok
test quant::tests::test_manski_partial_identification_bounds ... ok
test quant::tests::test_portfolio_hindsight_bellman_optimality ... ok
test quant::tests::test_portfolio_metrics_edge_cases ... ok
test quant::tests::test_tca_pnl_attribution_conservation ... ok
test regret::tests::test_regret_partitioning_by_intervention_class ... ok
test report::tests::diagnostics_retirement_table_covers_the_shims ... ok
test parquet_artifact::tests::writes_standard_parquet_with_nullable_typed_columns_and_stable_rows ... ok
test report::tests::report_artifact_round_trips ... ok
test runloop::tests::dispatch_order_is_declared_non_alphabetical_and_deterministic ... ok
test report::tests::report_tier_honesty ... ok
test report::tests::summary_counts_gap_statuses_with_fsum ... ok
test report::tests::report_without_ledger_is_minimal_and_passes ... ok
test runloop::tests::entry_trigger_absent_fails_open_unconditional ... ok
test report::tests::audit_flags_a_stale_report ... ok
test runloop::tests::entry_trigger_invalidated_during_wait_is_not_executed ... ok
test runloop::tests::entry_trigger_gate_consults_trigger_ref ... ok
test report::tests::report_audit_battery_all_six_pass_on_fresh_report ... ok
test runloop::tests::entry_trigger_never_confirmed_is_not_executed ... ok
test runloop::tests::negative_target_r_is_rejected_never_recorded_as_target ... ok
test runloop::tests::risk_geometry_invariants_fail_closed ... ok
test report::tests::audit_flags_a_replaced_ledger ... ok
test runloop::tests::every_declared_risk_geometry_key_is_consumed_or_registered ... ok
test runloop::tests::test_conformance_r_alloc_001_state_space_and_mutation_gate ... ok
test runloop::tests::test_independent_candidate_evaluation_metamorphic_invariance ... ok
test runloop::tests::standalone_cube_candidate_without_entry_is_reduced_by_shared_producer ... ok
test runloop::tests::pre_entry_invalidation_fires_on_windowed_prior_extreme ... ok
test runloop::tests::duplicate_setup_yields_one_candidate_one_suppressed ... ok
test runloop::tests::windowed_prior_extremes_is_bounded_to_prior_32_bars ... ok
test runloop::tests::slot_conflict_resolves_by_declared_hash_order_not_alphabetical ... ok
test scheduler::tests::batch_worker_panic_fails_closed ... ok
test scheduler::tests::chunk_bounds_tile_the_batch ... ok
test runloop::tests::test_portfolio_allocation_records_emitted ... ok
test scheduler::tests::parallel_output_stays_in_cell_order ... ok
test scheduler::tests::single_thread_is_the_sequential_reference ... ok
test scheduler::tests::task_errors_are_results_but_panics_fail_closed ... ok
test scheduler::tests::threads_1_2_3_are_byte_identical ... ok
test runloop::tests::second_same_direction_candidate_is_rejected ... ok
test runloop::tests::lifecycle_admission_releases_closed_exposure_after_expiry ... ok
test runloop::tests::isolated_tracks_admits_all_candidates_without_contention ... ok
test simd::tests::lane_compares_match_scalar_operators ... ok
test runloop::tests::warmup_boundary_bb_experts_no_usize_underflow ... ok
test simd::tests::lane_ops_are_scalar_ieee_per_lane ... ok
test shadow::tests::cutoff_is_strictly_forward_and_ordered ... ok
test simd::tests::scalar_fold_helpers_match_scan ... ok
test shadow::tests::artifact_index_is_deterministic_and_rejects_self_output ... ok
test simd::tests::signed_zero_tie_returns_a_correct_zero_on_every_arch ... ok
test simd::tests::window_max_min_bit_identical_to_scalar_scan ... ok
test state::tests::aggregate_ignores_non_kline_channels_and_identity_aggregation ... ok
test state::tests::aggregate_builds_closed_bars_with_pit_available_time ... ok
test state::tests::aggregate_drops_bucket_with_data_gap ... ok
test state::tests::bucket_start_lands_closing_boundary_in_bucket_that_ends_there ... ok
test state::tests::fsum_matches_cpython ... ok
test state::tests::interval_derivation_is_up_only_and_exact ... ok
test state::tests::build_multi_stores_rejects_underivable_interval ... ok
test state::tests::state_id_is_invariant_to_universe_permutation ... ok
test state::tests::multi_state_omits_higher_interval_until_admissible ... ok
test state::tests::named_lineage_equals_symbol_prefixed_lineage_for_base_only ... ok
test state::tests::multi_state_namespaces_higher_interval_features ... ok
test state::tests::state_id_still_changes_for_universe_membership ... ok
test statistics::detrended::tests::appendix_a_invariant_empty_family_fails_closed ... ok
test statistics::detrended::tests::appendix_a_invariant_matches_oracle ... ok
test state::tests::simd_window_features_bit_identical_to_scalar_scan ... ok
test statistics::detrended::tests::detrend_net_r_matches_oracle ... ok
test statistics::detrended::tests::drift_is_divide_then_log_not_log_diff ... ok
test statistics::detrended::tests::invariant_holds_matches_oracle ... ok
test statistics::detrended::tests::mean_log_drift_matches_oracle ... ok
test statistics::detrended::tests::mean_log_drift_non_positive_fails_closed ... ok
test statistics::detrended::tests::mean_log_drift_short_windows_are_zero ... ok
test statistics::detrended::tests::passive_benchmark_bad_input_fails_closed ... ok
test statistics::detrended::tests::passive_benchmark_matches_oracle ... ok
test shadow::tests::mixed_output_artifact_fails_closed ... ok
test statistics::detrended::tests::passive_benchmark_zero_horizon_is_zero ... ok
test statistics::detrended::tests::placebo_exposures_bad_params_fail_closed ... ok
test statistics::detrended::tests::placebo_exposures_match_oracle_family ... ok
test statistics::reality_check::tests::py_round_matches_cpython ... ok
test statistics::reality_check::tests::block_bootstrap_indices_matches_cpython ... ok
test statistics::reality_check::tests::block_bootstrap_means_matches_cpython ... ok
test statistics::reality_check::tests::reality_check_argmax_tie_goes_to_first_config ... ok
test statistics::reality_check::tests::reality_check_zero_variance_p_is_one ... ok
test statistics::reality_check::tests::select_block_size_internals_match_cpython ... ok
test statistics::reality_check::tests::select_block_size_matches_cpython ... ok
test statistics::reality_check::tests::validation_matches_oracle_raises ... ok
test shadow::tests::records_a_deterministic_allocation_neutral_bundle ... ok
test statistics::remaining::tests::block_bootstrap_indices_match_cpython ... ok
test statistics::remaining::tests::effective_independent_episodes_matches_cpython ... ok
test statistics::remaining::tests::block_bootstrap_means_match_cpython ... ok
test statistics::remaining::tests::effective_search_size_matches_cpython ... ok
test statistics::remaining::tests::expected_false_positives_matches_cpython ... ok
test statistics::remaining::tests::longest_positive_run_matches_cpython ... ok
test statistics::remaining::tests::permutation_rc_fails_closed ... ok
test statistics::remaining::tests::bootstrap_ci_matches_cpython ... ok
test statistics::remaining::tests::permutation_rc_matches_cpython ... ok
test statistics::remaining::tests::permutation_sample_matches_cpython ... ok
test statistics::remaining::tests::permutation_round_stats_match_cpython ... ok
test statistics::remaining::tests::practical_significance_matches_cpython ... ok
test statistics::remaining::tests::regime_slices_match_cpython ... ok
test statistics::remaining::tests::streak_vs_null_matches_cpython ... ok
test statistics::reality_check::tests::reality_check_p_value_matches_cpython ... ok
test statistics::tests::verdict_fails_closed_on_bad_requests ... ok
test statistics::tests::verdict_permutation_missing_directions_fails_closed ... ok
test statistics::tests::verdict_auto_selects_block_size ... ok
test statistics::tests::verdict_reality_check_matches_cpython ... ok
test telemetry::tests::test_b1_pit_snapshot_contains_only_ex_ante_available_signals ... ok
test telemetry::tests::test_b2_hindsight_firewall_blocks_post_outcome_evidence_from_belief_receipt ... ok
test telemetry::tests::test_b10_no_synthetic_beliefs_explicitly_unavailable_dimensions ... ok
test telemetry::tests::test_b3_immutability_appended_receipt_cannot_be_mutated ... ok
test statistics::tests::verdict_meth4_5_6_2_matches_cpython ... ok
test statistics::tests::verdict_absent_inputs_are_marked_not_run ... ok
test statistics::tests::verdict_permutation_matches_cpython ... ok
test statistics::tests::verdict_detrended_null_matches_cpython ... ok
test telemetry::tests::test_b5_rejected_opportunity_coverage_preserves_final_rejection_receipt ... ok
test telemetry::tests::test_b4_sequential_belief_evolution_preserves_ancestor_receipts ... ok
test telemetry::tests::test_b7_trace_binding_without_identity_conflation ... ok
test telemetry::tests::test_b11_economic_non_regression_pipeline_integration ... ok
test telemetry::tests::test_b6_executed_opportunity_coverage_preserves_portfolio_admission ... ok
test telemetry::tests::test_b8_deterministic_serialization_retains_receipt_identity ... ok
test telemetry::tests::test_b9_missing_required_lineage_fails_closed ... ok
test telemetry::tests::test_h1_opportunity_identity_vs_trajectory_vs_provenance_separation ... ok
test telemetry::tests::test_h2_oracle_audit_evidence_cannot_become_upstream_decision_dependency ... ok
test telemetry::tests::test_h3_counterfactual_branch_is_explicitly_typed_without_name_inference ... ok
test temporal::tests::test_chronos_gate_watermark_advancement ... ok
test temporal::tests::test_sparse_event_series_as_of ... ok
test telemetry::tests::test_h4_full_canonical_trajectory_with_evidence_and_lineage_validation ... ok
test temporal::tests::test_dense_bar_series_alignment ... ok
test temporal::tests::test_temporal_integrity_certificate ... ok
test statistics::tests::verdict_cube_reduced_mode_reads_computed_gaps ... ok
test usdm_sim::capital_viability::tests::test_capital_viability_sweep_monotonicity ... ok
test usdm_sim::capital_viability::tests::test_critical_capital_envelope_calculation ... ok
test usdm_sim::differential::tests::test_d116_differential_reconciliation_exact_and_within_tolerances ... ok
test usdm_sim::differential::tests::test_d116_differential_reconciliation_fails_on_divergence ... ok
test usdm_sim::maker_model::tests::test_maker_identifiability_on_bar_tape_fails_closed_to_data_blocked ... ok
test usdm_sim::scenario_ruin::tests::test_scenario_ruin_simulation_properties_and_bounds ... ok
test usdm_sim::scenario_ruin::tests::valid_simulation_uses_only_supplied_returns_and_unbiased_indices ... ok
test usdm_sim::tests::test_a0_vs_a1_breakeven_challenger_comparative_receipt ... ok
test usdm_sim::tests::test_usdm_sim_execution_on_certified_tape ... ok
test venue::tests::test_liquidation_price_isolated ... ok
test usdm_sim::tests::test_v83_comprehensive_economic_loss_anatomy ... ok
test venue::tests::test_lot_size_discretization ... ok
test venue::tests::test_min_notional_filter ... ok
test venue::tests::test_price_tick_discretization ... ok
test runloop::tests::candidate_count_matches_direct_evaluate ... ok
test oracle::coverage::tests::acceptance_test_6_g4_g5_determinism_and_bundle_artifacts ... ok
test runloop::tests::cube_reduced_is_byte_identical_across_thread_counts ... ok

test result: ok. 475 passed; 0 failed; 0 ignored; 0 measured; 0 filtered out; finished in 0.85s

rc=0
### v8_core-e23b88f52b6d851e

running 502 tests
test account::tests::test_margin_locking_and_equity ... ok
test account::tests::test_margin_exhaustion_rejection ... ok
test analysis::outcome::tests::field_set_is_exactly_the_ten ... ok
test allocator::tests::test_allocator_step_size_rounding ... ok
test analysis::phase1::tests::row_has_exactly_nineteen_fields ... ok
test allocator::tests::test_allocator_min_notional_rejection ... ok
test analysis::outcome::tests::projection_carries_the_ten_fields_and_drops_excluded ... ok
test analysis::outcome::tests::values_match_iff_all_ten_within_tolerance ... ok
test analysis::phase2::tests::bootstrap_ci_tail_is_99_not_100 ... ok
test analysis::phase1::tests::join_floats_are_bit_identical ... ok
test analysis::phase1::tests::symbols_sorted_and_rows_in_gap_order ... ok
test analysis::phase1::tests::join_matches_oracle_rows ... ok
test analysis::phase1::tests::opportunity_set_carries_per_cell_utilities ... ok
test analysis::phase2::tests::family_alpha_stats_match_oracle ... ok
test analysis::phase1::tests::opportunity_set_is_the_manifest_grid ... ok
test analysis::phase2::tests::excluded_empty_matches_oracle ... ok
test analysis::phase2::tests::insufficient_support_matches_oracle ... ok
test analysis::phase2::tests::seed_for_matches_oracle ... ok
test analysis::phase3::tests::apply_policy_matches_oracle ... ok
test analysis::phase3::tests::format_g6_matches_cpython_percent_g ... ok
test analysis::phase3::tests::seed_for_matches_oracle ... ok
test analysis::phase2::tests::slice_family_is_the_declared_72_verbatim ... ok
test analysis::phase3::tests::select_block_size_and_bootstrap_ci_match_oracle ... ok
test analysis::phase2::tests::discovery_slice_matches_oracle_bit_for_bit ... ok
test analysis::phase2::tests::actual_vs_no_trade_slice_matches_oracle_bit_for_bit ... ok
test analysis::phase2::tests::discovery_summary_counts_are_exact ... ok
test analysis::reconcile::tests::pit_lineage_is_clean_when_states_resolve ... ok
test analysis::reconcile::tests::pit_lineage_reports_future_leakage_with_oracle_text ... ok
test analysis::reconcile::tests::pit_lineage_reports_missing_and_unresolved_birth_states ... ok
test analysis::reconcile::tests::missing_observed_outcome_is_entry_bar_or_outcome_missing ... ok
test analysis::reconcile::tests::run_usage_error_returns_two ... ok
test analysis::phase2::tests::confirmation_matches_oracle_and_second_query_is_refused ... ok
test analysis::phase2::tests::confirmation_different_half_matches_oracle ... ok
test analysis::reconcile::tests::snapshots_bind_by_rederived_episode_key ... ok
test analysis::reconcile::tests::corrupted_observed_net_r_mismatches_with_oracle_counts ... ok
test analysis::reconcile::tests::transitions_sort_by_sequence_for_detected_executed_terminal ... ok
test analysis::reconcile::tests::clean_ledger_reconciles_to_oracle_counts ... ok
test analysis::regret_o4::tests::test_baseline_o4_regret_proportions ... ok
test analysis::reconcile::tests::unbound_candidate_is_reported_not_dropped ... ok
test analysis::regret_o4::tests::test_o4_regret_mathematical_invariants ... ok
test analysis::veto_attribution::tests::test_veto_attribution_invariants_and_authority_tags ... ok
test analysis::scorecard::tests::test_witness_scorecard_empirical_measurement ... ok
test audit::mutants::tests::test_leak_001_atr_offset_mutant_is_100pct_killed ... ok
test audit::mutants::tests::test_leak_002_adx_offset_mutant_is_100pct_killed ... ok
test analysis::phase3::tests::declare_policies_matches_oracle ... ok
test analysis::phase3::tests::birth_features_match_oracle ... ok
test audit::sabotage::tests::test_sabotage_1_counterfactual_labeled_as_realized_must_fail ... ok
test audit::sabotage::tests::test_sabotage_2_missing_cashflow_ledger_pnl_claim_must_fail ... ok
test audit::mutants::tests::test_leak_003_funding_misindex_mutant_is_100pct_killed ... ok
test audit::sabotage::tests::test_sabotage_4_injected_future_timestamp_must_block_claim ... ok
test audit::sabotage::tests::test_sabotage_6_missing_auditor_receipt_blocks_supported_edge ... ok
test audit::sabotage::tests::test_sabotage_7_hardcoded_pnl_injection_violates_conservation ... ok
test analysis::reconcile::tests::run_writes_reconciliation_json_matching_oracle ... ok
test audit::sabotage::tests::test_sabotage_3_tampered_receipt_hash_must_block_claim ... ok
test audit::sabotage::tests::test_sabotage_8_oracle_leakage_to_execution_must_fail ... ok
test analysis::reconcile::tests::run_halts_on_pit_lineage_violation ... ok
test audit::sabotage::tests::test_sabotage_5_100_clone_witnesses_invariance_n_eff_equals_one ... ok
test authority::tests::test_3d_authority_meet_monotonic_degradation ... ok
test analysis::phase3::tests::evaluate_slice_recoverability_matches_oracle ... ok
test authority::tests::test_claim_value_execution_gatekeeper_blocks_unauthorized ... ok
test authority::tests::test_counterfactual_never_passes_economic_claim_gate ... ok
test authority::tests::test_conflicting_active_authority_fails_closed ... ok
test authority::tests::test_multiplicity_resolves_unambiguously_to_d044 ... ok
test authority::tests::test_evidence_sovereignty_resolves_to_d132 ... ok
test authority::tests::test_statistical_invariance_monotonicity ... ok
test authority::tests::test_unspecified_authority_fails_closed ... ok
test backend::execution::tests::test_execution_backend_produces_valid_receipt_under_authority ... ok
test backend::scalar::tests::adverse_gap_stop_fills_at_open_in_full ... ok
test analysis::reconcile::tests::run_halts_on_corrupted_ledger_and_reports_reason ... ok
test backend::execution::tests::test_execution_backend_fails_without_portfolio_authority ... ok
test backend::scalar::tests::equal_opposite_gaps_book_equal_opposite_r ... ok
test backend::scalar::tests::favorable_gap_target_fills_at_open_not_barrier ... ok
test backend::scalar::tests::invalid_pyramid_rule_fails_before_the_entry_bar ... ok
test analysis::phase3::tests::run_phase3_matches_oracle ... ok
test backend::scalar::tests::pyramid_add_rolls_to_midpoint_and_charges_both_legs_long ... ok
test backend::scalar::tests::pyramid_add_rolls_to_midpoint_and_charges_both_legs_short ... ok
test backend::scalar::tests::short_gaps_symmetric_at_declared_barrier ... ok
test backend::simd::tests::simd_backend_bit_identical_to_scalar_across_endpoints ... ok
test backend::simd::tests::simd_bit_identical_trigger_thesis_and_time_exit ... ok
test backend::simd::tests::simd_falls_back_for_stop_moving_drafts_bit_identical ... ok
test backend::tests::engine_mode_parse_is_explicit_and_fail_closed ... ok
test backend::tests::gpu_dispatch_rejects_limit_fill_policy ... ok
test backend::simd::tests::simd_limit_fill_delegates_to_scalar_bit_identical ... ok
test backend::tests::scalar_and_cpu_backends_are_bit_identical ... ok
test backend::tests::cpu_backend_threads_1_and_4_are_byte_identical ... ok
test backend::tests::replay_cell_validation_fails_closed_on_bad_window_or_direction ... ok
test backend::tests::auto_engine_matches_cpu_reference_on_cpu_only_host ... ok
test backend::tests::simd_cpu_backend_parallel_bit_identical_to_scalar ... ok
test benchmark::gate_authority::tests::cap_authority_is_monotone_and_total ... ok
test backend::tests::trait_evaluate_matches_direct_scalar_run ... ok
test benchmark::gate_authority::tests::firewall_never_mints_authority_without_registry ... ok
test benchmark::gate_authority::tests::missing_gate_yields_no_economic_claim ... ok
test benchmark::minerva::tests::test_minerva_all_pass_seal_granted ... ok
test benchmark::minerva::tests::test_minerva_pbo_failure_denies_seal ... ok
test benchmark::minerva::tests::test_minerva_single_gate_failure_denies_seal_and_caps_score ... ok
test cache::tests::cache_key_version_changes_content_address ... ok
test cache::tests::different_outcome_key_is_a_different_entry ... ok
test cache::tests::canonical_key_is_stable ... ok
test cache::tests::typed_outcome_round_trips_all_semantic_fields ... ok
test cashflow::tests::test_cashflow_accounting_conservation ... ok
test candidate::tests::replay_is_idempotent_for_duplicate_event_id ... ok
test candidate::tests::replay_sorts_ingestion_order_and_reproduces_projection ... ok
test candidate::tests::replay_rejects_counterfactual_execution_transition ... ok
test claims::tests::test_counterfactual_potential_authority_validation ... ok
test claims::tests::test_claim_registry_and_renderer_firewall ... ok
test claims::tests::test_realized_cashflow_requires_full_settlement ... ok
test data::tests::closed_only_bars_are_columnar ... ok
test data::tests::dedups_by_source_event_id_first_wins ... ok
test data::tests::rejects_funding_implausible_rate ... ok
test data::tests::rejects_non_finite_ohlc ... ok
test data::tests::sorts_into_canonical_replay_order ... ok
test data::tests::validates_ohlc_invariants_like_oracle ... ok
test eeo::tests::test_eeo003_provider_registry_and_contract_integrity ... ok
test eeo::tests::test_eeo004_foundational_providers_deterministic_evaluation ... ok
test eeo::tests::test_eeo005_evidence_graph_and_audit_adjudication_with_anti_self_certification ... ok
test candidate::tests::jsonl_persistence_replays_the_durable_projection ... ok
test eeo::tests::test_eeo006_diagnostic_providers_and_pathology_map ... ok
test eeo::tests::test_eeo007_registered_counterfactual_replay_upstream_invalidation ... ok
test checkpoint::tests::test_checkpoint_roundtrip ... ok
test eeo::tests::test_eeo008_path_alignment_and_pairwise_interaction ... ok
test eeo::tests::test_eeo009_challenge_layer_and_common_mode_auditor ... ok
test eeo::tests::test_eeo010_qualification_harness_suite_metrics ... ok
test eeo::tests::test_eeo015_economic_pathology_report_compilation ... ok
test evaluation::allegory::tests::test_archetype_ontology_completeness ... ok
test cache::tests::hit_and_miss_write_byte_identical_artifacts ... ok
test evaluation::allegory::tests::test_negative_control_pairing_invariant ... ok
test evaluation::allegory::tests::test_zero_hindsight_scorecard_determinism ... ok
test evaluation::authority_surface::tests::test_orthogonality_of_all_4_axes ... ok
test evaluation::authority_surface::tests::test_expert_authority_surface_generation ... ok
test evaluation::authority_surface::tests::test_rule12_fails_closed_on_uncertified_economic_claim ... ok
test evaluation::falsification::tests::test_martingale_generator_properties ... ok
test evaluation::falsification::tests::test_shuffled_directions_properties ... ok
test analysis::tests::analysis_smoke_reconcile_through_phase3_without_error ... ok
test evaluation::lineage::tests::test_cross_source_cohort_disagreement_blocks_reconciliation ... ok
test evaluation::falsification::tests::test_null_world_falsification_battery_calibration ... ok
test evaluation::lineage::tests::test_dag_passes_on_consistent_independent_observations ... ok
test evaluation::lineage::tests::test_missing_child_mutation_gate_fails_closed_on_stage_a ... ok
test evaluation::lineage::tests::test_missing_child_mutation_gate_fails_closed_on_stage_b ... ok
test evaluation::multiple_testing::tests::test_conservation_of_trials_and_multiplicity_accounting ... ok
test evaluation::multiple_testing::tests::test_baseline_multiplicity_ledger_integrity ... ok
test evaluation::tests::test_rust_10_family_null_suite ... ok
test evaluation::tests::test_rust_funnel_conservation ... ok
test evaluation::tests::test_rust_path_classification ... ok
test evaluation::tests::test_rust_validity_gates ... ok
test evaluation::tests::test_rust_statistics_bootstrap ... ok
test evidence::tests::fixture_identity_is_a_hash_of_regenerable_fields ... ok
test evidence::tests::identity_only_artifact_rejects_information_field ... ok
test evaluation::temporal::tests::test_temporal_noninterference_under_extreme_future_shocks ... ok
test evaluation::regime_cube::tests::test_joint_4d_regime_partition_and_invariants ... ok
test evidence::tests::fingerprint_is_content_addressed ... ok
test evidence::tests::retention_requires_a_retained_record ... ok
test cache::tests::stale_or_corrupt_entries_are_not_cache_hits ... ok
test evidence::tests::removing_any_run_constant_fails_closed ... ok
test evidence::tests::numeric_value_regions_contain_no_decimal_float_text ... ok
test evaluation::tests::test_rust_full_evaluation_bundle ... ok
test evidence::tests::values_artifact_rejects_full_only_field ... ok
test experiment::tests::authority_receipt_type_is_fail_closed ... ok
test experiment::tests::authority_blocks_economic_claim ... ok
test cache::tests::durable_store_round_trips_across_reopen ... ok
test experiment::tests::invalidation_is_resolved_before_counterfactual_replay ... ok
test experiment::tests::ks_empty_population_is_maximal ... ok
test experiment::tests::ks_matches_known_ecdf ... ok
test evidence::tests::artifact_round_trip_bytes_are_deterministic ... ok
test experiment::tests::lifecycle_admission_releases_closed_exposure ... ok
test experiment::tests::low_execution_share_blocks_attribution ... ok
test experiment::tests::pilot_predicate_is_bound_to_replay_cell ... ok
test experiment::tests::tape_hash_matches_python_sha1_hex_fixture ... ok
test experts::base::tests::test_metamorphic_invariance_of_mechanism_labels ... ok
test evidence::tests::round_trip_regenerates_dropped_fields_and_identity ... ok
test experts::predicate::tests::observed_operands_yield_valid_or_invalid ... ok
test experts::predicate::tests::unobservable_operand_yields_epistemic_unknown_not_valid ... ok
test experts::squeeze_swing::tests::test_squeeze_swing_triggers_on_compression_and_breakout ... ok
test experts::variant_tests::variant_overrides_are_explicit_and_fail_closed ... ok
test features::tests::closure_is_transitive ... ok
test features::tests::obv_closure_withholds_atr_and_history ... ok
test features::tests::typical_closure_keeps_its_reads ... ok
test evidence::tests::ledger_fixture_two_writes_are_byte_identical ... ok
test hash::tests::audit_float_fixture_hashes_bits_not_decimals ... ok
test experts::witness_adapter::tests::test_witness_ensemble_observes_without_execution_authority ... ok
test hash::tests::f64_encodes_ieee_le_bits ... ok
test hash::tests::i64_and_f64_cannot_collide ... ok
test hash::tests::int_width_is_fixed_two_complement ... ok
test hash::tests::map_sorts_keys_canonically ... ok
test hash::tests::subnormal_round_trips ... ok
test hash::tests::nan_is_normalized_total ... ok
test hash::tests::string_is_length_prefixed_utf8 ... ok
test evidence::tests::validity_bit_marks_absent_rows ... ok
test jsonx::tests::large_finite_exponent_ok ... ok
test jsonx::tests::parses_finite_line_identically_to_serde ... ok
test evidence::tests::state_artifact_round_trips_through_disk ... ok
test hash::tests::zeros_are_distinct ... ok
test experiment::tests::receipt_is_immutable_and_idempotent ... ok
test jsonx::tests::records_negative_infinity ... ok
test jsonx::tests::records_python_nan_at_path ... ok
test jsonx::tests::rejects_structural_garbage ... ok
test judiciary::emergency::tests::test_atomic_consumption_and_single_use ... ok
test judiciary::emergency::tests::test_economic_tuning_file_rejected_at_issue_and_verify ... ok
test judiciary::emergency::tests::test_scope_violation_rejected ... ok
test evidence::tests::s5_artifacts_are_byte_stable ... ok
test judiciary::emergency::tests::test_ttl_expiry_fails_closed ... ok
test judiciary::emergency::tests::test_two_stage_hotfix_ratify_and_auto_rollback ... ok
test judiciary::emergency::tests::test_warrant_issue_and_valid_compliance ... ok
test judiciary::tests::test_blind_audit_protocol ... ok
test judiciary::tests::test_constitution_tree_hash_pinning ... ok
test judiciary::tests::test_expedited_appeal_engine ... ok
test judiciary::tests::test_governance_receipt_efficiency ... ok
test judiciary::tests::test_kaizen_external_constitutional_audit ... ok
test judiciary::tests::test_mandate_scope_and_lease ... ok
test judiciary::tests::test_no_naked_veto_enforcement ... ok
test kaizen::adaptive::tests::test_adaptive_sequential_mode_fails_closed_blocked_by_o032 ... ok
test kaizen::adaptive::tests::test_o032_unblocking_criteria_certification_check ... ok
test kaizen::adaptive::tests::test_fixed_sample_sweep_evaluates_and_accounts_trial_debt ... ok
test kaizen::campaign::tests::test_mechanism_family_classification ... ok
test kaizen::campaign::tests::test_persistent_campaign_multi_bar_update ... ok
test kaizen::chop_suppression::tests::test_chop_gate_cooldown_veto ... ok
test kaizen::chop_suppression::tests::test_chop_gate_cost_feasibility ... ok
test kaizen::controller::tests::test_kaizen_controller_orchestration ... ok
test kaizen::cost_surface::tests::test_micro_scalp_rejected_as_cost_dominated ... ok
test kaizen::correlation::tests::test_high_correlation_cluster_caps_total_heat ... ok
test kaizen::cost_surface::tests::test_wide_stop_trade_is_cost_feasible ... ok
test kaizen::derivatives::tests::test_derivatives_tape_empty_fails_closed_to_data_blocked ... ok
test kaizen::derivatives::tests::test_derivatives_tape_ingestion_formalized ... ok
test kaizen::diagnosis::tests::test_attribution_unsafe_validity_gate_fires_on_divergence ... ok
test experiment::tests::missing_holdout_writes_receipt_and_report ... ok
test kaizen::diagnosis::tests::test_incomplete_telemetry_fails_closed ... ok
test kaizen::diagnosis::tests::test_insufficient_evidence_triggers_pending_investigation ... ok
test kaizen::exit_trailing::tests::test_breakeven_challenger_premature_kill_tradeoff ... ok
test kaizen::diagnosis::tests::test_multi_label_capability ... ok
test kaizen::exit_trailing::tests::test_breakeven_challenger_saves_loss_on_failed_continuation ... ok
test kaizen::exit_trailing::tests::test_chandelier_trailing_rides_fat_tail ... ok
test kaizen::governance::tests::test_alpha_before_sizing_allows_quarter_kelly_when_certified ... ok
test kaizen::governance::tests::test_alpha_before_sizing_blocks_uncertified_signal ... ok
test kaizen::liquidity_floor::tests::test_dynamic_liquidity_protects_against_margin_stress_when_positions_open ... ok
test kaizen::iteration::tests::config_hash_is_deterministic_and_binds_variants ... ok
test kaizen::iteration::tests::candidate_seed_set_contains_fine_and_subset_challengers ... ok
test kaizen::liquidity_floor::tests::test_dynamic_liquidity_unlocks_deployable_capital_on_clean_account ... ok
test kaizen::mega::tests::test_sensor_lead_time_recall_audit ... ok
test kaizen::mega::tests::test_label_extreme_episodes_detects_crash ... ok
test kaizen::quantization::tests::test_exceeds_budget_fails_closed ... ok
test kaizen::quantization::tests::test_micro_lot_admission_prevents_zero_rounding_dropout ... ok
test kaizen::quantization::tests::test_micro_lot_admitted_when_raw_rounds_to_zero_but_one_lot_fits ... ok
test kaizen::research_debt::tests::test_dual_counter_research_accounting_idempotence ... ok
test kaizen::research_debt::tests::test_forensic_assessment_to_hypothesis_record_zero_mutation ... ok
test kaizen::robustness::tests::test_cliff_veto_with_epsilon_floor_protection ... ok
test kaizen::research_debt::tests::test_ledger_stores_covariance_and_lineage ... ok
test kaizen::provenance::tests::test_tape_provenance_verification ... ok
test kaizen::validation::tests::test_atomic_holdout_burn_rejects_secondary_access ... ok
test kaizen::robustness::tests::test_insufficient_n_fails_closed ... ok
test kaizen::robustness::tests::test_negative_utility_points_are_non_viable ... ok
test kaizen::validation::tests::test_crash_resilience_cannot_reopen_failed_after_burn ... ok
test kaizen::validation::tests::test_catastrophic_veto_overrides_majority_pass ... ok
test kaizen::robustness::tests::test_plateau_classification_success ... ok
test kaizen::validation::tests::test_paired_delta_wfa_majority_pass ... ok
test kaizen::verdict::tests::test_verdict_engine_demands_all_three_pvalues_pass ... ok
test kaizen::verdict::tests::test_verdict_engine_fails_closed_on_synthetic_leak ... ok
test mt19937::tests::canonical_mt19937_vector ... ok
test mt19937::tests::matches_cpython_getrandbits_stream ... ok
test mt19937::tests::matches_cpython_random_randrange_getrandbits ... ok
test mt19937::tests::matches_cpython_edge_seeds ... ok
test mt19937::tests::matches_cpython_randrange_sequence ... ok
test kaizen::verification::tests::test_campaign_simulator_integration ... ok
test mt19937::tests::matches_cpython_sample_range_n ... ok
test mt19937::tests::matches_cpython_seed_5489 ... ok
test opportunity::campaign::tests::test_portfolio_feasibility_admission_and_capacity_bound ... ok
test evidence::tests::headers_carry_required_run_constants_for_all_kinds ... ok
test opportunity::exposure::tests::test_anti_false_collapse_basis_preservation ... ok
test opportunity::exposure::tests::test_exact_alias_collapse_into_single_factor ... ok
test opportunity::exposure::tests::test_unresolved_exposure_fails_closed ... ok
test opportunity::frontier::tests::test_frontier_evaluator_and_red_flag_detection ... ok
test opportunity::funnel::tests::test_h4_conflict_source_decomposition ... ok
test opportunity::harness_t1_t12::tests::test_t11_deterministic_replay_bit_identity ... ok
test opportunity::harness_t1_t12::tests::test_t12_rule_12_zero_synthetic_leakage_invariant ... ok
test evidence::tests::ledger_battery_all_six_cheap_tests_pass ... ok
test opportunity::harness_t1_t12::tests::test_t10_exposure_aware_portfolio_feasibility_invariant ... ok
test opportunity::harness_t1_t12::tests::test_t2_false_collapse_and_alias_protection_invariant ... ok
test opportunity::grammar::tests::test_modular_grammar_archetype_detections ... ok
test opportunity::harness_t1_t12::tests::test_t4_observer_sovereign_prohibition_invariant ... ok
test opportunity::harness_t1_t12::tests::test_t5_unpenalized_abstention_invariant ... ok
test opportunity::harness_t1_t12::tests::test_t1_epistemic_demarcation_invariant ... ok
test opportunity::harness_t1_t12::tests::test_t6_clone_observer_collapse_invariant ... ok
test opportunity::harness_t1_t12::tests::test_t7_anti_ranking_per_opportunity_evaluation_invariant ... ok
test opportunity::harness_t1_t12::tests::test_t8_friction_hurdle_invariant ... ok
test opportunity::harness_t1_t12::tests::test_t9a_same_epoch_dominated_opportunity_independence ... ok
test opportunity::harness_t1_t12::tests::test_t9b_intertemporal_capital_opportunity_regret ... ok
test opportunity::harness_t1_t12::tests::test_t3_zero_lookahead_pit_invariant ... ok
test opportunity::reconcile::tests::test_abstention_does_not_corrupt_clean_support ... ok
test opportunity::reconcile::tests::test_exact_observer_clone_collapse_n_eff_equals_one ... ok
test opportunity::reconcile::tests::test_reconciliation_receipt_authority_verification ... ok
test opportunity::reconcile::tests::test_severe_contradiction_dampens_to_inconclusive ... ok
test opportunity::tests::test_false_collapse_basis_protection ... ok
test opportunity::tests::test_r1_seven_canonical_primitives_composition ... ok
test opportunity::tests::test_r2_cryptographic_blake3_determinism ... ok
test opportunity::tests::test_r4_typed_v83_error_taxonomy ... ok
test opportunity::tests::test_r3_zero_capital_authority_on_raw_evidence ... ok
test opportunity::tests::test_selective_utility_sub_friction_suppression ... ok
test opportunity::utility::tests::test_marginal_edge_above_friction_below_uncertainty_defers ... ok
test opportunity::utility::tests::test_robust_edge_above_all_hurdles_qualifies_for_trade ... ok
test opportunity::utility::tests::test_sub_friction_opportunity_defaults_to_no_trade ... ok
test opportunity::utility::tests::test_unsupported_or_contradicted_stance_defaults_to_no_trade ... ok
test oracle::authority::tests::identified_outcome_carries_point_estimate ... ok
test oracle::authority::tests::partially_identified_overlapping_intervals_fail_closed_for_ordering ... ok
test oracle::authority::tests::unknown_fails_closed_in_ordering_comparison ... ok
test oracle::authority::tests::unknown_returns_no_numeric_point_value ... ok
test oracle::coverage::tests::acceptance_test_5_unknown_propagates_into_summaries_and_records_never_treated_as_zero ... ok
test oracle::coverage::tests::acceptance_test_4_insufficient_horizon_and_model_only_return_typed_refusals ... ok
test oracle::coverage::tests::acceptance_test_3_unsupported_size_action_or_queue_fill_is_weaker_authority_or_unknown ... ok
test oracle::coverage::tests::acceptance_test_1_missing_decision_time_data_cannot_produce_coverage_member ... ok
test oracle::coverage::tests::acceptance_test_10_no_regret_attribution_record_or_additive_total_emitted ... ok
test oracle::coverage::tests::acceptance_test_2_l1_request_for_l3_returns_execution_authority_too_weak_with_no_point_value ... ok
test oracle::coverage::tests::zero_coverage_fails_nonzero_coverage_floor ... ok
test oracle::episode::tests::test_oracle_definition_deterministic_hashing ... ok
test oracle::episode::tests::test_oracle_episode_extraction_and_non_overlap ... ok
test oracle::coverage::tests::acceptance_test_7_grid_grammar_mutation_changes_universe_id_and_lineage ... ok
test oracle::coverage::tests::acceptance_test_8_every_coverage_member_reconciles_and_zero_coverage_fails_floor ... ok
test oracle::information::tests::future_known_or_unavailable_fields_cannot_enter_information_set ... ok
test oracle::coverage::tests::acceptance_test_9_opportunity_outputs_bind_alternative_population_hash_explicitly ... ok
test oracle::coverage::tests::every_coverage_numerator_member_reconciles_to_supported_denominator ... ok
test oracle::independence::tests::test_population_invariance_and_unique_contribution_formula ... ok
test opportunity::runloop::tests::test_v83_runloop_end_to_end_pipeline ... ok
test opportunity::runloop::tests::test_v83_runloop_canonical_trace_lineage_survives ... ok
test oracle::support::tests::future_or_negative_decision_time_returns_missing_decision_time_data ... ok
test oracle::support::tests::insufficient_future_horizon_returns_undefined_future ... ok
test oracle::support::tests::l1_request_for_l3_returns_execution_authority_too_weak_and_not_identifiable ... ok
test oracle::support::tests::model_only_counterfactual_returns_model_only_refusal ... ok
test oracle::support::tests::unsupported_size_or_queue_fill_fails_support ... ok
test oracle::opportunity::tests::thread_count_is_not_an_input_to_grammar_artifacts ... ok
test oracle::taxonomy::tests::refusal_codes_are_closed_and_stable ... ok
test oracle::taxonomy::tests::taxonomy_has_only_the_three_oracle_roles ... ok
test oracle::utility::tests::contract_rejects_incomplete_or_infeasible_constraints_without_ranking ... ok
test oracle::opportunity::tests::grammar_generation_does_not_mutate_lifecycle_registry ... ok
test path_security::tests::test_traversal_detection ... ok
test oracle::opportunity::tests::direction_is_a_distinct_grammar_candidate_identity ... ok
test oracle::opportunity::tests::frozen_inputs_produce_stable_candidate_universe_population_and_manifest_identities ... ok
test path_security::tests::test_valid_paths ... ok
test portfolio::tests::test_position_unrealized_pnl ... ok
test oracle::opportunity::tests::registry_grid_universe_timeframe_and_execution_mode_mutations_change_universe_identity ... ok
test qualification::tests::all_critical_mutants_are_killed_by_the_pilot_suite ... ok
test qualification::tests::conditional_generation_is_replayable_and_coverage_is_explicit ... ok
test qualification::tests::declared_metamorphic_relations_preserve_pilot_stance ... ok
test qualification::tests::fib_price_scaling_preserves_ratio_and_direction_semantics ... ok
test qualification::tests::pilot_manifests_are_hash_bound_and_non_economic ... ok
test qualification::tests::failed_breakout_canonical_negative_boundary_and_missing_controls_pass ... ok
test qualification::tests::statistical_and_risk_objects_fail_closed_without_declarations ... ok
test qualification::tests::fib_projection_long_short_negative_and_boundary_controls_pass ... ok
test qualification::tests::test_data_blocked_open_interest_fails_closed ... ok
test qualification::tests::test_data_capability_tribunal_classification ... ok
test qualification::tests::test_donchian_breakout_single_bar_setup_guarantee_rejects_consecutive_repeats ... ok
test qualification::tests::test_d141_ichimoku_cloud_end_to_end_qualification ... ok
test qualification::tests::test_failed_breakout_2b_qualification ... ok
test qualification::tests::test_failed_breakout_rejects_stale_breakout_beyond_recency_window ... ok
test qualification::tests::test_macd_stoch_trend_qualification ... ok
test qualification::tests::test_d141_full_alpha_refinery_pilots_qualification ... ok
test qualification::tests::test_liquidity_sweep_reclaim_qualification ... ok
test qualification::tests::test_range_breakout_1to1_qualification ... ok
test qualification::tests::test_rsi_stoch_reversion_qualification ... ok
test qualification::tests::test_volume_climax_reversal_qualification ... ok
test quant::tests::test_brownian_bridge_probability_bounds ... ok
test quant::tests::test_capture_ratio_identifiability_gate ... ok
test quant::tests::test_manski_partial_identification_bounds ... ok
test quant::tests::test_portfolio_hindsight_bellman_optimality ... ok
test quant::tests::test_portfolio_metrics_edge_cases ... ok
test quant::tests::test_tca_pnl_attribution_conservation ... ok
test regret::tests::test_regret_partitioning_by_intervention_class ... ok
test qualification::tests::passport_and_attribution_preserve_authority_boundaries ... ok
test report::tests::diagnostics_retirement_table_covers_the_shims ... ok
test parquet_artifact::tests::writes_standard_parquet_with_nullable_typed_columns_and_stable_rows ... ok
test runloop::tests::dispatch_order_is_declared_non_alphabetical_and_deterministic ... ok
test report::tests::report_artifact_round_trips ... ok
test report::tests::report_tier_honesty ... ok
test report::tests::summary_counts_gap_statuses_with_fsum ... ok
test report::tests::report_without_ledger_is_minimal_and_passes ... ok
test runloop::tests::entry_trigger_absent_fails_open_unconditional ... ok
test runloop::tests::entry_trigger_gate_consults_trigger_ref ... ok
test report::tests::audit_flags_a_stale_report ... ok
test runloop::tests::entry_trigger_never_confirmed_is_not_executed ... ok
test runloop::tests::entry_trigger_invalidated_during_wait_is_not_executed ... ok
test report::tests::report_audit_battery_all_six_pass_on_fresh_report ... ok
test runloop::tests::risk_geometry_invariants_fail_closed ... ok
test report::tests::audit_flags_a_replaced_ledger ... ok
test runloop::tests::negative_target_r_is_rejected_never_recorded_as_target ... ok
test runloop::tests::every_declared_risk_geometry_key_is_consumed_or_registered ... ok
test runloop::tests::test_conformance_r_alloc_001_state_space_and_mutation_gate ... ok
test runloop::tests::test_independent_candidate_evaluation_metamorphic_invariance ... ok
test runloop::tests::standalone_cube_candidate_without_entry_is_reduced_by_shared_producer ... ok
test runloop::tests::pre_entry_invalidation_fires_on_windowed_prior_extreme ... ok
test runloop::tests::duplicate_setup_yields_one_candidate_one_suppressed ... ok
test runloop::tests::windowed_prior_extremes_is_bounded_to_prior_32_bars ... ok
test runloop::tests::slot_conflict_resolves_by_declared_hash_order_not_alphabetical ... ok
test scheduler::tests::batch_worker_panic_fails_closed ... ok
test scheduler::tests::chunk_bounds_tile_the_batch ... ok
test scheduler::tests::parallel_output_stays_in_cell_order ... ok
test scheduler::tests::single_thread_is_the_sequential_reference ... ok
test scheduler::tests::task_errors_are_results_but_panics_fail_closed ... ok
test scheduler::tests::threads_1_2_3_are_byte_identical ... ok
test runloop::tests::test_portfolio_allocation_records_emitted ... ok
test runloop::tests::second_same_direction_candidate_is_rejected ... ok
test runloop::tests::isolated_tracks_admits_all_candidates_without_contention ... ok
test simd::tests::lane_compares_match_scalar_operators ... ok
test runloop::tests::warmup_boundary_bb_experts_no_usize_underflow ... ok
test shadow::tests::cutoff_is_strictly_forward_and_ordered ... ok
test simd::tests::lane_ops_are_scalar_ieee_per_lane ... ok
test runloop::tests::lifecycle_admission_releases_closed_exposure_after_expiry ... ok
test simd::tests::scalar_fold_helpers_match_scan ... ok
test simd::tests::signed_zero_tie_returns_a_correct_zero_on_every_arch ... ok
test simd::tests::window_max_min_bit_identical_to_scalar_scan ... ok
test state::tests::aggregate_builds_closed_bars_with_pit_available_time ... ok
test state::tests::aggregate_drops_bucket_with_data_gap ... ok
test state::tests::aggregate_ignores_non_kline_channels_and_identity_aggregation ... ok
test state::tests::bucket_start_lands_closing_boundary_in_bucket_that_ends_there ... ok
test state::tests::build_multi_stores_rejects_underivable_interval ... ok
test state::tests::fsum_matches_cpython ... ok
test shadow::tests::artifact_index_is_deterministic_and_rejects_self_output ... ok
test state::tests::interval_derivation_is_up_only_and_exact ... ok
test state::tests::multi_state_omits_higher_interval_until_admissible ... ok
test state::tests::multi_state_namespaces_higher_interval_features ... ok
test state::tests::named_lineage_equals_symbol_prefixed_lineage_for_base_only ... ok
test state::tests::state_id_is_invariant_to_universe_permutation ... ok
test state::tests::state_id_still_changes_for_universe_membership ... ok
test statistics::detrended::tests::appendix_a_invariant_empty_family_fails_closed ... ok
test state::tests::simd_window_features_bit_identical_to_scalar_scan ... ok
test statistics::detrended::tests::detrend_net_r_matches_oracle ... ok
test statistics::detrended::tests::appendix_a_invariant_matches_oracle ... ok
test statistics::detrended::tests::drift_is_divide_then_log_not_log_diff ... ok
test statistics::detrended::tests::invariant_holds_matches_oracle ... ok
test statistics::detrended::tests::mean_log_drift_matches_oracle ... ok
test statistics::detrended::tests::mean_log_drift_short_windows_are_zero ... ok
test statistics::detrended::tests::mean_log_drift_non_positive_fails_closed ... ok
test statistics::detrended::tests::passive_benchmark_matches_oracle ... ok
test statistics::detrended::tests::passive_benchmark_bad_input_fails_closed ... ok
test shadow::tests::records_a_deterministic_allocation_neutral_bundle ... ok
test statistics::detrended::tests::passive_benchmark_zero_horizon_is_zero ... ok
test statistics::detrended::tests::placebo_exposures_bad_params_fail_closed ... ok
test shadow::tests::mixed_output_artifact_fails_closed ... ok
test statistics::detrended::tests::placebo_exposures_match_oracle_family ... ok
test statistics::reality_check::tests::block_bootstrap_indices_matches_cpython ... ok
test statistics::reality_check::tests::block_bootstrap_means_matches_cpython ... ok
test statistics::reality_check::tests::py_round_matches_cpython ... ok
test statistics::reality_check::tests::reality_check_argmax_tie_goes_to_first_config ... ok
test statistics::reality_check::tests::reality_check_zero_variance_p_is_one ... ok
test statistics::reality_check::tests::select_block_size_internals_match_cpython ... ok
test statistics::reality_check::tests::select_block_size_matches_cpython ... ok
test statistics::reality_check::tests::validation_matches_oracle_raises ... ok
test statistics::remaining::tests::block_bootstrap_indices_match_cpython ... ok
test statistics::remaining::tests::block_bootstrap_means_match_cpython ... ok
test statistics::remaining::tests::effective_independent_episodes_matches_cpython ... ok
test statistics::remaining::tests::effective_search_size_matches_cpython ... ok
test statistics::remaining::tests::bootstrap_ci_matches_cpython ... ok
test statistics::remaining::tests::longest_positive_run_matches_cpython ... ok
test statistics::remaining::tests::expected_false_positives_matches_cpython ... ok
test statistics::remaining::tests::permutation_rc_fails_closed ... ok
test statistics::reality_check::tests::reality_check_p_value_matches_cpython ... ok
test statistics::remaining::tests::permutation_rc_matches_cpython ... ok
test statistics::remaining::tests::permutation_sample_matches_cpython ... ok
test statistics::remaining::tests::permutation_round_stats_match_cpython ... ok
test statistics::remaining::tests::practical_significance_matches_cpython ... ok
test statistics::remaining::tests::regime_slices_match_cpython ... ok
test statistics::remaining::tests::streak_vs_null_matches_cpython ... ok
test statistics::tests::verdict_fails_closed_on_bad_requests ... ok
test statistics::tests::verdict_permutation_missing_directions_fails_closed ... ok
test statistics::tests::verdict_permutation_matches_cpython ... ok
test statistics::tests::verdict_meth4_5_6_2_matches_cpython ... ok
test statistics::tests::verdict_absent_inputs_are_marked_not_run ... ok
test statistics::tests::verdict_detrended_null_matches_cpython ... ok
test statistics::tests::verdict_auto_selects_block_size ... ok
test telemetry::tests::test_b10_no_synthetic_beliefs_explicitly_unavailable_dimensions ... ok
test statistics::tests::verdict_reality_check_matches_cpython ... ok
test telemetry::tests::test_b2_hindsight_firewall_blocks_post_outcome_evidence_from_belief_receipt ... ok
test statistics::tests::verdict_cube_reduced_mode_reads_computed_gaps ... ok
test telemetry::tests::test_b3_immutability_appended_receipt_cannot_be_mutated ... ok
test telemetry::tests::test_b1_pit_snapshot_contains_only_ex_ante_available_signals ... ok
test telemetry::tests::test_b4_sequential_belief_evolution_preserves_ancestor_receipts ... ok
test telemetry::tests::test_b6_executed_opportunity_coverage_preserves_portfolio_admission ... ok
test telemetry::tests::test_b5_rejected_opportunity_coverage_preserves_final_rejection_receipt ... ok
test telemetry::tests::test_b11_economic_non_regression_pipeline_integration ... ok
test runloop::tests::candidate_count_matches_direct_evaluate ... ok
test telemetry::tests::test_b7_trace_binding_without_identity_conflation ... ok
test telemetry::tests::test_b9_missing_required_lineage_fails_closed ... ok
test telemetry::tests::test_b8_deterministic_serialization_retains_receipt_identity ... ok
test telemetry::tests::test_h1_opportunity_identity_vs_trajectory_vs_provenance_separation ... ok
test telemetry::tests::test_h2_oracle_audit_evidence_cannot_become_upstream_decision_dependency ... ok
test telemetry::tests::test_h3_counterfactual_branch_is_explicitly_typed_without_name_inference ... ok
test temporal::tests::test_chronos_gate_watermark_advancement ... ok
test telemetry::tests::test_h4_full_canonical_trajectory_with_evidence_and_lineage_validation ... ok
test temporal::tests::test_dense_bar_series_alignment ... ok
test temporal::tests::test_sparse_event_series_as_of ... ok
test temporal::tests::test_temporal_integrity_certificate ... ok
test usdm_sim::capital_viability::tests::test_capital_viability_sweep_monotonicity ... ok
test usdm_sim::capital_viability::tests::test_critical_capital_envelope_calculation ... ok
test usdm_sim::differential::tests::test_d116_differential_reconciliation_exact_and_within_tolerances ... ok
test usdm_sim::differential::tests::test_d116_differential_reconciliation_fails_on_divergence ... ok
test usdm_sim::maker_model::tests::test_maker_identifiability_on_bar_tape_fails_closed_to_data_blocked ... ok
test usdm_sim::scenario_ruin::tests::test_scenario_ruin_simulation_properties_and_bounds ... ok
test usdm_sim::scenario_ruin::tests::valid_simulation_uses_only_supplied_returns_and_unbiased_indices ... ok
test usdm_sim::tests::test_a0_vs_a1_breakeven_challenger_comparative_receipt ... ok
test usdm_sim::tests::test_usdm_sim_execution_on_certified_tape ... ok
test usdm_sim::tests::test_v83_comprehensive_economic_loss_anatomy ... ok
test venue::tests::test_liquidation_price_isolated ... ok
test venue::tests::test_lot_size_discretization ... ok
test venue::tests::test_min_notional_filter ... ok
test venue::tests::test_price_tick_discretization ... ok
test oracle::coverage::tests::acceptance_test_6_g4_g5_determinism_and_bundle_artifacts ... ok
test runloop::tests::cube_reduced_is_byte_identical_across_thread_counts ... ok

test result: ok. 502 passed; 0 failed; 0 ignored; 0 measured; 0 filtered out; finished in 0.90s

rc=0
### world_foundry_isolation-83394f55713550f1

running 3 tests
test test_af_t13_generator_validity_and_economic_validity_are_separate_claims ... ok
test test_structural_and_resample_and_surgery_generators ... ok
test test_af_t14_reverse_stress_failure_fraction_is_not_ruin_probability ... ok

test result: ok. 3 passed; 0 failed; 0 ignored; 0 measured; 0 filtered out; finished in 0.00s

rc=0
### world_foundry_v2_falsification-885992e10ca3c0f2

running 8 tests
test test_v2_generator_passport_non_scalar_conjunction ... ok
test test_v2_reverse_stress_minimal_defeater_search ... ok
test test_v2_stationary_bootstrap_preserves_stationary_properties ... ok
test test_v2_path_topology_anchored_terminal_returns ... ok
test test_v2_world_composer_ensemble_agreement ... ok
test test_v2_stochastic_volatility_garch_clustering ... ok
test test_v2_cross_asset_contagion_synchronized_quad_universe ... ok
test test_v2_metamorphic_transforms ... ok

test result: ok. 8 passed; 0 failed; 0 ignored; 0 measured; 0 filtered out; finished in 0.00s

rc=0
